Component: ARM Compiler 5.06 update 3 (build 300) Tool: armlink [4d35c9]

==============================================================================

Section Cross References

    main.o(i.main) refers to system_stm32f4xx.o(i.SystemCoreClockUpdate) for SystemCoreClockUpdate
    main.o(i.main) refers to my_defines.o(i.Init_SPI) for Init_SPI
    main.o(i.main) refers to rt_cmsis.o(i.osKernelInitialize) for osKernelInitialize
    main.o(i.main) refers to my_defines.o(i.Initialise_LED) for Initialise_LED
    main.o(i.main) refers to my_defines.o(i.Initialise_button) for Initialise_button
    main.o(i.main) refers to thread.o(i.Init_Tilt_Thread) for Init_Tilt_Thread
    main.o(i.main) refers to thread.o(i.Init_Button_Thread) for Init_Button_Thread
    main.o(i.main) refers to thread.o(i.Init_Blink_Pattern_Thread) for Init_Blink_Pattern_Thread
    main.o(i.main) refers to rt_cmsis.o(i.osKernelStart) for osKernelStart
    my_defines.o(i.Init_SPI) refers to stm32f4xx_hal_spi.o(i.HAL_SPI_Init) for HAL_SPI_Init
    my_defines.o(i.Init_SPI) refers to stm32f4xx_hal_gpio.o(i.HAL_GPIO_Init) for HAL_GPIO_Init
    my_defines.o(i.Init_SPI) refers to my_defines.o(.bss) for SPI_Params
    my_defines.o(i.LIS3DSH_enable) refers to stm32f4xx_hal_spi.o(i.HAL_SPI_Transmit) for HAL_SPI_Transmit
    my_defines.o(i.LIS3DSH_enable) refers to my_defines.o(.bss) for SPI_Params
    my_defines.o(i.read_accel) refers to stm32f4xx_hal_spi.o(i.HAL_SPI_Transmit) for HAL_SPI_Transmit
    my_defines.o(i.read_accel) refers to stm32f4xx_hal_spi.o(i.HAL_SPI_Receive) for HAL_SPI_Receive
    my_defines.o(i.read_accel) refers to my_defines.o(.bss) for SPI_Params
    thread.o(i.Blink_LED_Thread) refers to my_defines.o(i.Blink_LED) for Blink_LED
    thread.o(i.Blink_LED_Thread) refers to rt_cmsis.o(i.osDelay) for osDelay
    thread.o(i.Blink_LED_Thread) refers to rt_cmsis.o(i.osThreadYield) for osThreadYield
    thread.o(i.Blink_Pattern_Thread) refers to rt_cmsis.o(i.osSignalSet) for osSignalSet
    thread.o(i.Blink_Pattern_Thread) refers to rt_cmsis.o(i.osSignalWait) for osSignalWait
    thread.o(i.Blink_Pattern_Thread) refers to my_defines.o(i.Blink_LED) for Blink_LED
    thread.o(i.Blink_Pattern_Thread) refers to rt_cmsis.o(i.osDelay) for osDelay
    thread.o(i.Blink_Pattern_Thread) refers to rt_cmsis.o(i.osThreadYield) for osThreadYield
    thread.o(i.Blink_Pattern_Thread) refers to thread.o(.data) for tid_Blink_Pattern_Thread
    thread.o(i.Button_Thread) refers to my_defines.o(i.is_button_pressed) for is_button_pressed
    thread.o(i.Button_Thread) refers to my_defines.o(i.Blink_LED) for Blink_LED
    thread.o(i.Button_Thread) refers to rt_cmsis.o(i.osSignalClear) for osSignalClear
    thread.o(i.Button_Thread) refers to rt_cmsis.o(i.osSignalSet) for osSignalSet
    thread.o(i.Button_Thread) refers to rt_cmsis.o(i.osThreadYield) for osThreadYield
    thread.o(i.Button_Thread) refers to thread.o(.data) for tid_Blink_Pattern_Thread
    thread.o(i.Init_Blink_LED_Thread) refers to rt_cmsis.o(i.osThreadCreate) for osThreadCreate
    thread.o(i.Init_Blink_LED_Thread) refers to thread.o(.constdata) for os_thread_def_Blink_LED_Thread
    thread.o(i.Init_Blink_LED_Thread) refers to thread.o(.data) for tid_Blink_LED_Thread
    thread.o(i.Init_Blink_Pattern_Thread) refers to rt_cmsis.o(i.osThreadCreate) for osThreadCreate
    thread.o(i.Init_Blink_Pattern_Thread) refers to thread.o(.constdata) for os_thread_def_Blink_Pattern_Thread
    thread.o(i.Init_Blink_Pattern_Thread) refers to thread.o(.data) for tid_Blink_Pattern_Thread
    thread.o(i.Init_Button_Thread) refers to rt_cmsis.o(i.osThreadCreate) for osThreadCreate
    thread.o(i.Init_Button_Thread) refers to thread.o(.constdata) for os_thread_def_Button_Thread
    thread.o(i.Init_Button_Thread) refers to thread.o(.data) for tid_Button_Thread
    thread.o(i.Init_Tilt_Thread) refers to rt_cmsis.o(i.osThreadCreate) for osThreadCreate
    thread.o(i.Init_Tilt_Thread) refers to thread.o(.constdata) for os_thread_def_Tilt_Thread
    thread.o(i.Init_Tilt_Thread) refers to thread.o(.data) for tid_Tilt_Thread
    thread.o(i.Tilt_Thread) refers to my_defines.o(i.LIS3DSH_enable) for LIS3DSH_enable
    thread.o(i.Tilt_Thread) refers to rt_cmsis.o(i.osSignalSet) for osSignalSet
    thread.o(i.Tilt_Thread) refers to rt_cmsis.o(i.osSignalWait) for osSignalWait
    thread.o(i.Tilt_Thread) refers to my_defines.o(i.read_accel) for read_accel
    thread.o(i.Tilt_Thread) refers to my_defines.o(i.Blink_LED) for Blink_LED
    thread.o(i.Tilt_Thread) refers to rt_cmsis.o(i.osThreadYield) for osThreadYield
    thread.o(i.Tilt_Thread) refers to thread.o(.data) for tid_Blink_Pattern_Thread
    thread.o(.constdata) refers to thread.o(i.Blink_LED_Thread) for Blink_LED_Thread
    thread.o(.constdata) refers to thread.o(i.Button_Thread) for Button_Thread
    thread.o(.constdata) refers to thread.o(i.Tilt_Thread) for Tilt_Thread
    thread.o(.constdata) refers to thread.o(i.Blink_Pattern_Thread) for Blink_Pattern_Thread
[...]
    C:\Keil_v5\ARM\PACK\Keil\STM32F4xx_DFP\2.16.0\Drivers\STM32F4xx_HAL_Driver\Src\stm32f4xx_hal_dma_ex.c 0x00000000   Number         0  stm32f4xx_hal_dma_ex.o ABSOLUTE
    C:\Keil_v5\ARM\PACK\Keil\STM32F4xx_DFP\2.16.0\Drivers\STM32F4xx_HAL_Driver\Src\stm32f4xx_hal_gpio.c 0x00000000   Number         0  stm32f4xx_hal_gpio.o ABSOLUTE
    C:\Keil_v5\ARM\PACK\Keil\STM32F4xx_DFP\2.16.0\Drivers\STM32F4xx_HAL_Driver\Src\stm32f4xx_hal_pwr.c 0x00000000   Number         0  stm32f4xx_hal_pwr.o ABSOLUTE
    C:\Keil_v5\ARM\PACK\Keil\STM32F4xx_DFP\2.16.0\Drivers\STM32F4xx_HAL_Driver\Src\stm32f4xx_hal_pwr_ex.c 0x00000000   Number         0  stm32f4xx_hal_pwr_ex.o ABSOLUTE
    C:\Keil_v5\ARM\PACK\Keil\STM32F4xx_DFP\2.16.0\Drivers\STM32F4xx_HAL_Driver\Src\stm32f4xx_hal_rcc.c 0x00000000   Number         0  stm32f4xx_hal_rcc.o ABSOLUTE
    C:\Keil_v5\ARM\PACK\Keil\STM32F4xx_DFP\2.16.0\Drivers\STM32F4xx_HAL_Driver\Src\stm32f4xx_hal_rcc_ex.c 0x00000000   Number         0  stm32f4xx_hal_rcc_ex.o ABSOLUTE
    C:\Keil_v5\ARM\PACK\Keil\STM32F4xx_DFP\2.16.0\Drivers\STM32F4xx_HAL_Driver\Src\stm32f4xx_hal_spi.c 0x00000000   Number         0  stm32f4xx_hal_spi.o ABSOLUTE
    C:\Keil_v5\ARM\PACK\Keil\STM32F4xx_DFP\2.16.0\Drivers\STM32F4xx_HAL_Driver\Src\stm32f4xx_hal_tim.c 0x00000000   Number         0  stm32f4xx_hal_tim.o ABSOLUTE
    C:\Keil_v5\ARM\PACK\Keil\STM32F4xx_DFP\2.16.0\Drivers\STM32F4xx_HAL_Driver\Src\stm32f4xx_hal_tim_ex.c 0x00000000   Number         0  stm32f4xx_hal_tim_ex.o ABSOLUTE
    C:\\Keil_v5\\ARM\\PACK\\Keil\\STM32F4xx_DFP\\2.16.0\\Drivers\\STM32F4xx_HAL_Driver\\Src\\stm32f4xx_hal.c 0x00000000   Number         0  stm32f4xx_hal.o ABSOLUTE
    C:\\Keil_v5\\ARM\\PACK\\Keil\\STM32F4xx_DFP\\2.16.0\\Drivers\\STM32F4xx_HAL_Driver\\Src\\stm32f4xx_hal_cortex.c 0x00000000   Number         0  stm32f4xx_hal_cortex.o ABSOLUTE
    C:\\Keil_v5\\ARM\\PACK\\Keil\\STM32F4xx_DFP\\2.16.0\\Drivers\\STM32F4xx_HAL_Driver\\Src\\stm32f4xx_hal_dma.c 0x00000000   Number         0  stm32f4xx_hal_dma.o ABSOLUTE
    C:\\Keil_v5\\ARM\\PACK\\Keil\\STM32F4xx_DFP\\2.16.0\\Drivers\\STM32F4xx_HAL_Driver\\Src\\stm32f4xx_hal_dma_ex.c 0x00000000   Number         0  stm32f4xx_hal_dma_ex.o ABSOLUTE
    C:\\Keil_v5\\ARM\\PACK\\Keil\\STM32F4xx_DFP\\2.16.0\\Drivers\\STM32F4xx_HAL_Driver\\Src\\stm32f4xx_hal_gpio.c 0x00000000   Number         0  stm32f4xx_hal_gpio.o ABSOLUTE
    C:\\Keil_v5\\ARM\\PACK\\Keil\\STM32F4xx_DFP\\2.16.0\\Drivers\\STM32F4xx_HAL_Driver\\Src\\stm32f4xx_hal_pwr.c 0x00000000   Number         0  stm32f4xx_hal_pwr.o ABSOLUTE
    C:\\Keil_v5\\ARM\\PACK\\Keil\\STM32F4xx_DFP\\2.16.0\\Drivers\\STM32F4xx_HAL_Driver\\Src\\stm32f4xx_hal_pwr_ex.c 0x00000000   Number         0  stm32f4xx_hal_pwr_ex.o ABSOLUTE
    C:\\Keil_v5\\ARM\\PACK\\Keil\\STM32F4xx_DFP\\2.16.0\\Drivers\\STM32F4xx_HAL_Driver\\Src\\stm32f4xx_hal_rcc.c 0x00000000   Number         0  stm32f4xx_hal_rcc.o ABSOLUTE
    C:\\Keil_v5\\ARM\\PACK\\Keil\\STM32F4xx_DFP\\2.16.0\\Drivers\\STM32F4xx_HAL_Driver\\Src\\stm32f4xx_hal_rcc_ex.c 0x00000000   Number         0  stm32f4xx_hal_rcc_ex.o ABSOLUTE
    C:\\Keil_v5\\ARM\\PACK\\Keil\\STM32F4xx_DFP\\2.16.0\\Drivers\\STM32F4xx_HAL_Driver\\Src\\stm32f4xx_hal_spi.c 0x00000000   Number         0  stm32f4xx_hal_spi.o ABSOLUTE
    C:\\Keil_v5\\ARM\\PACK\\Keil\\STM32F4xx_DFP\\2.16.0\\Drivers\\STM32F4xx_HAL_Driver\\Src\\stm32f4xx_hal_tim.c 0x00000000   Number         0  stm32f4xx_hal_tim.o ABSOLUTE
    C:\\Keil_v5\\ARM\\PACK\\Keil\\STM32F4xx_DFP\\2.16.0\\Drivers\\STM32F4xx_HAL_Driver\\Src\\stm32f4xx_hal_tim_ex.c 0x00000000   Number         0  stm32f4xx_hal_tim_ex.o ABSOLUTE
    HAL_CM4.c                                0x00000000   Number         0  hal_cm4.o ABSOLUTE
    HAL_CM4.c                                0x00000000   Number         0  hal_cm4.o ABSOLUTE
    RTE\CMSIS\RTX_Conf_CM.c                  0x00000000   Number         0  rtx_conf_cm.o ABSOLUTE
    RTE\Device\STM32F407VGTx\startup_stm32f407xx.s 0x00000000   Number         0  startup_stm32f407xx.o ABSOLUTE
    RTE\Device\STM32F407VGTx\system_stm32f4xx.c 0x00000000   Number         0  system_stm32f4xx.o ABSOLUTE
    RTE\\CMSIS\\RTX_Conf_CM.c                0x00000000   Number         0  rtx_conf_cm.o ABSOLUTE
    RTE\\Device\\STM32F407VGTx\\system_stm32f4xx.c 0x00000000   Number         0  system_stm32f4xx.o ABSOLUTE
    SVC_Table.s                              0x00000000   Number         0  svc_table.o ABSOLUTE
    Thread.c                                 0x00000000   Number         0  thread.o ABSOLUTE
    Thread.c                                 0x00000000   Number         0  thread.o ABSOLUTE
    dc.s                                     0x00000000   Number         0  dc.o ABSOLUTE
    main.c                                   0x00000000   Number         0  main.o ABSOLUTE
    main.c                                   0x00000000   Number         0  main.o ABSOLUTE
    my_defines.c                             0x00000000   Number         0  my_defines.o ABSOLUTE
    my_defines.c                             0x00000000   Number         0  my_defines.o ABSOLUTE
    RESET                                    0x08000000   Section      392  startup_stm32f407xx.o(RESET)
    !!!main                                  0x08000188   Section        8  __main.o(!!!main)
    !!!scatter                               0x08000190   Section       52  __scatter.o(!!!scatter)
    !!handler_copy                           0x080001c4   Section       26  __scatter_copy.o(!!handler_copy)
    !!handler_zi                             0x080001e0   Section       28  __scatter_zi.o(!!handler_zi)
    .ARM.Collect$$libinit$$00000000          0x080001fc   Section        2  libinit.o(.ARM.Collect$$libinit$$00000000)
    .ARM.Collect$$libinit$$00000001          0x080001fe   Section        4  libinit2.o(.ARM.Collect$$libinit$$00000001)
    .ARM.Collect$$libinit$$00000004          0x08000202   Section        0  libinit2.o(.ARM.Collect$$libinit$$00000004)
    .ARM.Collect$$libinit$$0000000A          0x08000202   Section        0  libinit2.o(.ARM.Collect$$libinit$$0000000A)
    .ARM.Collect$$libinit$$0000000C          0x08000202   Section        0  libinit2.o(.ARM.Collect$$libinit$$0000000C)
    .ARM.Collect$$libinit$$0000000E          0x08000202   Section        0  libinit2.o(.ARM.Collect$$libinit$$0000000E)
    .ARM.Collect$$libinit$$00000011          0x08000202   Section        0  libinit2.o(.ARM.Collect$$libinit$$00000011)
    .ARM.Collect$$libinit$$00000013          0x08000202   Section        0  libinit2.o(.ARM.Collect$$libinit$$00000013)
    .ARM.Collect$$libinit$$00000015          0x08000202   Section        0  libinit2.o(.ARM.Collect$$libinit$$00000015)
    .ARM.Collect$$libinit$$00000017          0x08000202   Section        0  libinit2.o(.ARM.Collect$$libinit$$00000017)
    .ARM.Collect$$libinit$$00000019          0x08000202   Section        0  libinit2.o(.ARM.Collect$$libinit$$00000019)
    .ARM.Collect$$libinit$$0000001B          0x08000202   Section        0  libinit2.o(.ARM.Collect$$libinit$$0000001B)
    .ARM.Collect$$libinit$$0000001D          0x08000202   Section        0  libinit2.o(.ARM.Collect$$libinit$$0000001D)
    .ARM.Collect$$libinit$$0000001F          0x08000202   Section        0  libinit2.o(.ARM.Collect$$libinit$$0000001F)
    .ARM.Collect$$libinit$$00000021          0x08000202   Section        0  libinit2.o(.ARM.Collect$$libinit$$00000021)
    .ARM.Collect$$libinit$$00000023          0x08000202   Section        0  libinit2.o(.ARM.Collect$$libinit$$00000023)
    .ARM.Collect$$libinit$$00000025          0x08000202   Section        0  libinit2.o(.ARM.Collect$$libinit$$00000025)
    .ARM.Collect$$libinit$$0000002C          0x08000202   Section        0  libinit2.o(.ARM.Collect$$libinit$$0000002C)
    .ARM.Collect$$libinit$$0000002E          0x08000202   Section        0  libinit2.o(.ARM.Collect$$libinit$$0000002E)
    .ARM.Collect$$libinit$$00000030          0x08000202   Section        0  libinit2.o(.ARM.Collect$$libinit$$00000030)
    .ARM.Collect$$libinit$$00000032          0x08000202   Section        0  libinit2.o(.ARM.Collect$$libinit$$00000032)
    .ARM.Collect$$libinit$$00000033          0x08000202   Section        2  libinit2.o(.ARM.Collect$$libinit$$00000033)
    .ARM.Collect$$libshutdown$$00000000      0x08000204   Section        2  libshutdown.o(.ARM.Collect$$libshutdown$$00000000)
    .ARM.Collect$$libshutdown$$00000002      0x08000206   Section        0  libshutdown2.o(.ARM.Collect$$libshutdown$$00000002)
    .ARM.Collect$$libshutdown$$00000004      0x08000206   Section        0  libshutdown2.o(.ARM.Collect$$libshutdown$$00000004)
    .ARM.Collect$$libshutdown$$00000007      0x08000206   Section        0  libshutdown2.o(.ARM.Collect$$libshutdown$$00000007)
    .ARM.Collect$$libshutdown$$0000000A      0x08000206   Section        0  libshutdown2.o(.ARM.Collect$$libshutdown$$0000000A)
    .ARM.Collect$$libshutdown$$0000000C      0x08000206   Section        0  libshutdown2.o(.ARM.Collect$$libshutdown$$0000000C)
    .ARM.Collect$$libshutdown$$0000000F      0x08000206   Section        0  libshutdown2.o(.ARM.Collect$$libshutdown$$0000000F)
    .ARM.Collect$$libshutdown$$00000010      0x08000206   Section        2  libshutdown2.o(.ARM.Collect$$libshutdown$$00000010)
    .ARM.Collect$$rtentry$$00000000          0x08000208   Section        0  __rtentry.o(.ARM.Collect$$rtentry$$00000000)
    .ARM.Collect$$rtentry$$00000002          0x08000208   Section        0  __rtentry2.o(.ARM.Collect$$rtentry$$00000002)
    .ARM.Collect$$rtentry$$00000004          0x08000208   Section        6  __rtentry4.o(.ARM.Collect$$rtentry$$00000004)
    .ARM.Collect$$rtentry$$00000009          0x0800020e   Section        0  __rtentry2.o(.ARM.Collect$$rtentry$$00000009)
    .ARM.Collect$$rtentry$$0000000A          0x0800020e   Section        4  __rtentry2.o(.ARM.Collect$$rtentry$$0000000A)
    .ARM.Collect$$rtentry$$0000000B          0x08000212   Section        8  __rtentry2.o(.ARM.Collect$$rtentry$$0000000B)
    .ARM.Collect$$rtentry$$0000000D          0x0800021a   Section        8  __rtentry2.o(.ARM.Collect$$rtentry$$0000000D)
    .ARM.Collect$$rtexit$$00000000           0x08000222   Section        2  rtexit.o(.ARM.Collect$$rtexit$$00000000)
    .ARM.Collect$$rtexit$$00000002           0x08000224   Section        0  rtexit2.o(.ARM.Collect$$rtexit$$00000002)
    .ARM.Collect$$rtexit$$00000003           0x08000224   Section        4  rtexit2.o(.ARM.Collect$$rtexit$$00000003)
    .ARM.Collect$$rtexit$$00000004           0x08000228   Section        6  rtexit2.o(.ARM.Collect$$rtexit$$00000004)
    .emb_text                                0x08000230   Section       28  rtx_conf_cm.o(.emb_text)
    $v0                                      0x08000230   Number         0  rtx_conf_cm.o(.emb_text)
    .emb_text                                0x0800024c   Section      408  hal_cm4.o(.emb_text)
    $v0                                      0x0800024c   Number         0  hal_cm4.o(.emb_text)
    .text                                    0x080003e4   Section       64  startup_stm32f407xx.o(.text)
    $v0                                      0x080003e4   Number         0  startup_stm32f407xx.o(.text)
    .text                                    0x08000424   Section        8  libspace.o(.text)
    .text                                    0x0800042c   Section        0  exit.o(.text)
    .text                                    0x0800043e   Section        0  heapauxi.o(.text)
    .text                                    0x08000444   Section        0  sys_exit.o(.text)
    .text                                    0x08000450   Section       74  sys_stackheap_outer.o(.text)
    .text                                    0x0800049a   Section        2  use_no_semi.o(.text)
    .text                                    0x0800049c   Section        0  indicate_semi.o(.text)
    SVC_TABLE                                0x0800049c   Section        4  svc_table.o(SVC_TABLE)
    i.Blink_LED                              0x080004a0   Section        0  my_defines.o(i.Blink_LED)
    i.Blink_LED_Thread                       0x080004c0   Section        0  thread.o(i.Blink_LED_Thread)
    i.Blink_Pattern_Thread                   0x080004f0   Section        0  thread.o(i.Blink_Pattern_Thread)
    i.Button_Thread                          0x080005cc   Section        0  thread.o(i.Button_Thread)
    i.HAL_GPIO_Init                          0x08000620   Section        0  stm32f4xx_hal_gpio.o(i.HAL_GPIO_Init)
    i.HAL_GetTick                            0x08000810   Section        0  stm32f4xx_hal.o(i.HAL_GetTick)
    i.HAL_SPI_Init                           0x0800081c   Section        0  stm32f4xx_hal_spi.o(i.HAL_SPI_Init)
    i.HAL_SPI_MspInit                        0x080008fa   Section        0  stm32f4xx_hal_spi.o(i.HAL_SPI_MspInit)
    i.HAL_SPI_Receive                        0x080008fc   Section        0  stm32f4xx_hal_spi.o(i.HAL_SPI_Receive)
    i.HAL_SPI_Transmit                       0x08000b1e   Section        0  stm32f4xx_hal_spi.o(i.HAL_SPI_Transmit)
    i.HAL_SPI_TransmitReceive                0x08000d04   Section        0  stm32f4xx_hal_spi.o(i.HAL_SPI_TransmitReceive)
    i.Init_Blink_Pattern_Thread              0x08000fd8   Section        0  thread.o(i.Init_Blink_Pattern_Thread)
    i.Init_Button_Thread                     0x08001000   Section        0  thread.o(i.Init_Button_Thread)
    i.Init_SPI                               0x08001028   Section        0  my_defines.o(i.Init_SPI)
    i.Init_Tilt_Thread                       0x080010ec   Section        0  thread.o(i.Init_Tilt_Thread)
    i.Initialise_LED                         0x08001114   Section        0  my_defines.o(i.Initialise_LED)
    i.Initialise_button                      0x08001154   Section        0  my_defines.o(i.Initialise_button)
    i.LIS3DSH_enable                         0x08001178   Section        0  my_defines.o(i.LIS3DSH_enable)
    i.SPI_EndRxTransaction                   0x080011b8   Section        0  stm32f4xx_hal_spi.o(i.SPI_EndRxTransaction)
    SPI_EndRxTransaction                     0x080011b9   Thumb Code   148  stm32f4xx_hal_spi.o(i.SPI_EndRxTransaction)
    i.SPI_EndRxTxTransaction                 0x0800124c   Section        0  stm32f4xx_hal_spi.o(i.SPI_EndRxTxTransaction)
    SPI_EndRxTxTransaction                   0x0800124d   Thumb Code   100  stm32f4xx_hal_spi.o(i.SPI_EndRxTxTransaction)
    i.SPI_WaitFlagStateUntilTimeout          0x080012b8   Section        0  stm32f4xx_hal_spi.o(i.SPI_WaitFlagStateUntilTimeout)
    SPI_WaitFlagStateUntilTimeout            0x080012b9   Thumb Code   210  stm32f4xx_hal_spi.o(i.SPI_WaitFlagStateUntilTimeout)
    i.SystemCoreClockUpdate                  0x08001390   Section        0  system_stm32f4xx.o(i.SystemCoreClockUpdate)
    i.SystemInit                             0x08001450   Section        0  system_stm32f4xx.o(i.SystemInit)
    i.Tilt_Thread                            0x08001554   Section        0  thread.o(i.Tilt_Thread)
    i._init_box                              0x080016d8   Section        0  rt_membox.o(i._init_box)
    i._mutex_acquire                         0x08001720   Section        0  rtx_conf_cm.o(i._mutex_acquire)
    __tagsym$$used                           0x08001721   Number         0  rtx_conf_cm.o(i._mutex_acquire)
    i._mutex_release                         0x08001740   Section        0  rtx_conf_cm.o(i._mutex_release)
    __tagsym$$used                           0x08001741   Number         0  rtx_conf_cm.o(i._mutex_release)
    i.dbg_init                               0x0800175c   Section        0  hal_cm.o(i.dbg_init)
    i.dbg_task_notify                        0x0800178c   Section        0  hal_cm.o(i.dbg_task_notify)
    i.dbg_task_switch                        0x080017ac   Section        0  hal_cm.o(i.dbg_task_switch)
    i.is_button_pressed                      0x080017bc   Section        0  my_defines.o(i.is_button_pressed)
    i.isrMessageGet                          0x080017e8   Section        0  rt_cmsis.o(i.isrMessageGet)
    i.isrMessagePut                          0x08001812   Section        0  rt_cmsis.o(i.isrMessagePut)
    i.isrSignalSet                           0x0800183e   Section        0  rt_cmsis.o(i.isrSignalSet)
    i.isr_evt_set                            0x08001864   Section        0  rt_event.o(i.isr_evt_set)
    i.isr_mbx_receive                        0x0800188c   Section        0  rt_mailbox.o(i.isr_mbx_receive)
    i.isr_mbx_send                           0x080018de   Section        0  rt_mailbox.o(i.isr_mbx_send)
    i.main                                   0x080018ec   Section        0  main.o(i.main)
    i.osDelay                                0x08001914   Section        0  rt_cmsis.o(i.osDelay)
    i.osKernelInitialize                     0x0800192c   Section        0  rt_cmsis.o(i.osKernelInitialize)
    i.osKernelStart                          0x08001950   Section        0  rt_cmsis.o(i.osKernelStart)
    i.osMessageGet                           0x080019bc   Section        0  rt_cmsis.o(i.osMessageGet)
    i.osSignalClear                          0x080019d4   Section        0  rt_cmsis.o(i.osSignalClear)
    i.osSignalSet                            0x080019ec   Section        0  rt_cmsis.o(i.osSignalSet)
    i.osSignalWait                           0x08001a04   Section        0  rt_cmsis.o(i.osSignalWait)
    i.osThreadCreate                         0x08001a1c   Section        0  rt_cmsis.o(i.osThreadCreate)
    i.osThreadExit                           0x08001a4c   Section        0  rt_cmsis.o(i.osThreadExit)
    i.osThreadYield                          0x08001a64   Section        0  rt_cmsis.o(i.osThreadYield)
    i.osTimerCall                            0x08001a7c   Section        0  rt_cmsis.o(i.osTimerCall)
    i.osTimerThread                          0x08001a88   Section        0  rt_cmsis.o(i.osTimerThread)
    i.os_error                               0x08001ab4   Section        0  rtx_conf_cm.o(i.os_error)
    i.os_idle_demon                          0x08001ad6   Section        0  rtx_conf_cm.o(i.os_idle_demon)
    i.os_tick_init                           0x08001adc   Section        0  rt_system.o(i.os_tick_init)
    i.os_tick_irqack                         0x08001b04   Section        0  rt_system.o(i.os_tick_irqack)
    i.read_accel                             0x08001b08   Section        0  my_defines.o(i.read_accel)
    i.rt_alloc_box                           0x08001b50   Section        0  rt_membox.o(i.rt_alloc_box)
    i.rt_alloc_mem                           0x08001b6a   Section        0  rt_memory.o(i.rt_alloc_mem)
    i.rt_block                               0x08001ba8   Section        0  rt_task.o(i.rt_block)
    i.rt_chk_robin                           0x08001be0   Section        0  rt_robin.o(i.rt_chk_robin)
    i.rt_dec_dly                             0x08001c28   Section        0  rt_list.o(i.rt_dec_dly)
    i.rt_dispatch                            0x08001c98   Section        0  rt_task.o(i.rt_dispatch)
    i.rt_dly_wait                            0x08001cdc   Section        0  rt_time.o(i.rt_dly_wait)
    i.rt_evt_clr                             0x08001ce4   Section        0  rt_event.o(i.rt_evt_clr)
    i.rt_evt_psh                             0x08001d00   Section        0  rt_event.o(i.rt_evt_psh)
    i.rt_evt_set                             0x08001d50   Section        0  rt_event.o(i.rt_evt_set)
    i.rt_evt_wait                            0x08001dac   Section        0  rt_event.o(i.rt_evt_wait)
    i.rt_free_box                            0x08001de8   Section        0  rt_membox.o(i.rt_free_box)
    i.rt_free_mem                            0x08001e14   Section        0  rt_memory.o(i.rt_free_mem)
    i.rt_get_first                           0x08001e3c   Section        0  rt_list.o(i.rt_get_first)
    i.rt_get_same_rdy_prio                   0x08001e64   Section        0  rt_list.o(i.rt_get_same_rdy_prio)
    i.rt_id2obj                              0x08001e88   Section        0  rt_cmsis.o(i.rt_id2obj)
    rt_id2obj                                0x08001e89   Thumb Code     8  rt_cmsis.o(i.rt_id2obj)
    i.rt_init_context                        0x08001e90   Section        0  rt_task.o(i.rt_init_context)
    rt_init_context                          0x08001e91   Thumb Code    66  rt_task.o(i.rt_init_context)
    i.rt_init_mem                            0x08001ed8   Section        0  rt_memory.o(i.rt_init_mem)
    i.rt_init_robin                          0x08001ef4   Section        0  rt_robin.o(i.rt_init_robin)
    i.rt_init_stack                          0x08001f0c   Section        0  hal_cm.o(i.rt_init_stack)
    i.rt_mbx_check                           0x08001f8c   Section        0  rt_mailbox.o(i.rt_mbx_check)
    i.rt_mbx_init                            0x08001f94   Section        0  rt_mailbox.o(i.rt_mbx_init)
    i.rt_mbx_psh                             0x08001fb0   Section        0  rt_mailbox.o(i.rt_mbx_psh)
    i.rt_mbx_wait                            0x080020a0   Section        0  rt_mailbox.o(i.rt_mbx_wait)
    i.rt_ms2tick                             0x08002154   Section        0  rt_cmsis.o(i.rt_ms2tick)
    rt_ms2tick                               0x08002155   Thumb Code    58  rt_cmsis.o(i.rt_ms2tick)
    i.rt_mut_release                         0x08002198   Section        0  rt_mutex.o(i.rt_mut_release)
    i.rt_mut_wait                            0x08002270   Section        0  rt_mutex.o(i.rt_mut_wait)
    i.rt_pop_req                             0x080022d8   Section        0  rt_system.o(i.rt_pop_req)
    i.rt_psh_req                             0x08002354   Section        0  rt_system.o(i.rt_psh_req)
    i.rt_psq_enq                             0x08002374   Section        0  rt_list.o(i.rt_psq_enq)
    i.rt_put_dly                             0x080023d0   Section        0  rt_list.o(i.rt_put_dly)
    i.rt_put_prio                            0x08002418   Section        0  rt_list.o(i.rt_put_prio)
    i.rt_put_rdy_first                       0x08002450   Section        0  rt_list.o(i.rt_put_rdy_first)
    i.rt_resort_prio                         0x08002464   Section        0  rt_list.o(i.rt_resort_prio)
    i.rt_ret_regs                            0x08002498   Section        0  hal_cm.o(i.rt_ret_regs)
    rt_ret_regs                              0x08002499   Thumb Code    16  hal_cm.o(i.rt_ret_regs)
    i.rt_ret_val                             0x080024a8   Section        0  hal_cm.o(i.rt_ret_val)
    i.rt_ret_val2                            0x080024b4   Section        0  hal_cm.o(i.rt_ret_val2)
    i.rt_rmv_dly                             0x080024c4   Section        0  rt_list.o(i.rt_rmv_dly)
    i.rt_rmv_list                            0x080024ec   Section        0  rt_list.o(i.rt_rmv_list)
    i.rt_sem_psh                             0x0800251c   Section        0  rt_semaphore.o(i.rt_sem_psh)
    i.rt_stk_check                           0x08002550   Section        0  rt_system.o(i.rt_stk_check)
    i.rt_switch_req                          0x08002574   Section        0  rt_task.o(i.rt_switch_req)
    i.rt_sys_init                            0x0800259c   Section        0  rt_task.o(i.rt_sys_init)
    i.rt_sys_start                           0x08002668   Section        0  rt_task.o(i.rt_sys_start)
    i.rt_systick                             0x080026e0   Section        0  rt_system.o(i.rt_systick)
    i.rt_tid2ptcb                            0x08002720   Section        0  rt_cmsis.o(i.rt_tid2ptcb)
    rt_tid2ptcb                              0x08002721   Thumb Code    18  rt_cmsis.o(i.rt_tid2ptcb)
    i.rt_timer_insert                        0x08002734   Section        0  rt_cmsis.o(i.rt_timer_insert)
    rt_timer_insert                          0x08002735   Thumb Code    48  rt_cmsis.o(i.rt_timer_insert)
    i.rt_tsk_create                          0x08002768   Section        0  rt_task.o(i.rt_tsk_create)
    i.rt_tsk_delete                          0x080027f0   Section        0  rt_task.o(i.rt_tsk_delete)
    i.rt_tsk_pass                            0x0800296c   Section        0  rt_task.o(i.rt_tsk_pass)
    i.rt_tsk_prio                            0x0800299c   Section        0  rt_task.o(i.rt_tsk_prio)
    i.rt_tsk_self                            0x08002a18   Section        0  rt_task.o(i.rt_tsk_self)
    i.svcDelay                               0x08002a28   Section        0  rt_cmsis.o(i.svcDelay)
    i.svcKernelInitialize                    0x08002a3c   Section        0  rt_cmsis.o(i.svcKernelInitialize)
    i.svcKernelStart                         0x08002aac   Section        0  rt_cmsis.o(i.svcKernelStart)
    i.svcMessageCreate                       0x08002af4   Section        0  rt_cmsis.o(i.svcMessageCreate)
    i.svcMessageGet                          0x08002b18   Section        0  rt_cmsis.o(i.svcMessageGet)
    i.svcSignalClear                         0x08002b52   Section        0  rt_cmsis.o(i.svcSignalClear)
    i.svcSignalSet                           0x08002b76   Section        0  rt_cmsis.o(i.svcSignalSet)
    i.svcSignalWait                          0x08002b9c   Section        0  rt_cmsis.o(i.svcSignalWait)
    i.svcThreadCreate                        0x08002bf0   Section        0  rt_cmsis.o(i.svcThreadCreate)
    i.svcThreadGetId                         0x08002c60   Section        0  rt_cmsis.o(i.svcThreadGetId)
    i.svcThreadTerminate                     0x08002c7c   Section        0  rt_cmsis.o(i.svcThreadTerminate)
    i.svcThreadYield                         0x08002cb4   Section        0  rt_cmsis.o(i.svcThreadYield)
    i.svcTimerCall                           0x08002cbe   Section        0  rt_cmsis.o(i.svcTimerCall)
    i.sysTimerTick                           0x08002cd8   Section        0  rt_cmsis.o(i.sysTimerTick)
    x$fpl$fpinit                             0x08002d34   Section       10  fpinit.o(x$fpl$fpinit)
    $v0                                      0x08002d34   Number         0  fpinit.o(x$fpl$fpinit)
    .constdata                               0x08002d40   Section       64  thread.o(.constdata)
    .constdata                               0x08002d80   Section       86  rtx_conf_cm.o(.constdata)
    __tagsym$$used                           0x08002d9c   Number         0  rtx_conf_cm.o(.constdata)
    __tagsym$$used                           0x08002da0   Number         0  rtx_conf_cm.o(.constdata)
    __tagsym$$used                           0x08002da4   Number         0  rtx_conf_cm.o(.constdata)
    __tagsym$$used                           0x08002da8   Number         0  rtx_conf_cm.o(.constdata)
    .constdata                               0x08002dd6   Section       24  system_stm32f4xx.o(.constdata)
    .data                                    0x20000000   Section       17  thread.o(.data)
    .data                                    0x20000014   Section       36  rtx_conf_cm.o(.data)
    nr_mutex                                 0x20000024   Data           4  rtx_conf_cm.o(.data)
    .data                                    0x20000038   Section        9  stm32f4xx_hal.o(.data)
    .data                                    0x20000044   Section        4  system_stm32f4xx.o(.data)
    .data                                    0x20000048   Section        8  rt_cmsis.o(.data)
    .data                                    0x20000050   Section        8  rt_task.o(.data)
    .data                                    0x20000058   Section        8  rt_system.o(.data)
    os_lock                                  0x20000058   Data           1  rt_system.o(.data)
    os_psh_flag                              0x20000059   Data           1  rt_system.o(.data)
    pend_flags                               0x2000005a   Data           1  rt_system.o(.data)
    .data                                    0x20000060   Section        4  rt_time.o(.data)
    .data                                    0x20000064   Section        8  rt_robin.o(.data)
    .data                                    0x2000006c   Section        1  hal_cm.o(.data)
    .bss                                     0x20000070   Section      128  my_defines.o(.bss)
    .bss                                     0x200000f0   Section     7216  rtx_conf_cm.o(.bss)
    std_libspace                             0x20001a00   Data         672  rtx_conf_cm.o(.bss)
    std_libmutex                             0x20001ca0   Data         128  rtx_conf_cm.o(.bss)
    .bss                                     0x20001d20   Section       52  rt_task.o(.bss)
    .bss                                     0x20001d54   Section       48  rt_list.o(.bss)
    .bss                                     0x20001d84   Section       96  libspace.o(.bss)
    HEAP                                     0x20001de8   Section      512  startup_stm32f407xx.o(HEAP)
    Heap_Mem                                 0x20001de8   Data         512  startup_stm32f407xx.o(HEAP)
    STACK                                    0x20001fe8   Section     1024  startup_stm32f407xx.o(STACK)
    Stack_Mem                                0x20001fe8   Data        1024  startup_stm32f407xx.o(STACK)
    __initial_sp                             0x200023e8   Data           0  startup_stm32f407xx.o(STACK)

    Global Symbols

    Symbol Name                              Value     Ov Type        Size  Object(Section)

    BuildAttributes$$THM_ISAv4$E$P$D$K$B$S$7EM$VFPi3$EXTD16$VFPS$VFMA$PE$A:L22UL41UL21$X:L11$S22US41US21$IEEE1$IW$USESV6$~STKCKD$USESV7$~SHL$OSPACE$ROPI$EBA8$UX$STANDARDLIB$REQ8$PRES8$EABIv2 0x00000000   Number         0  anon$$obj.o ABSOLUTE
    __ARM_use_no_argv                        0x00000000   Number         0  main.o ABSOLUTE
    __ARM_exceptions_init                     - Undefined Weak Reference
    __alloca_initialize                       - Undefined Weak Reference
    __arm_preinit_                            - Undefined Weak Reference
    __cpp_initialize__aeabi_                  - Undefined Weak Reference
    __cxa_finalize                            - Undefined Weak Reference
    __rt_locale                               - Undefined Weak Reference
    __sigvec_lookup                           - Undefined Weak Reference
    _atexit_init                              - Undefined Weak Reference
    _call_atexit_fns                          - Undefined Weak Reference
    _clock_init                               - Undefined Weak Reference
    _fp_trap_init                             - Undefined Weak Reference
    _fp_trap_shutdown                         - Undefined Weak Reference
    _get_lc_collate                           - Undefined Weak Reference
    _get_lc_ctype                             - Undefined Weak Reference
    _get_lc_monetary                          - Undefined Weak Reference
    _get_lc_numeric                           - Undefined Weak Reference
    _get_lc_time                              - Undefined Weak Reference
    _getenv_init                              - Undefined Weak Reference
    _handle_redirection                       - Undefined Weak Reference
    _init_alloc                               - Undefined Weak Reference
    _init_user_alloc                          - Undefined Weak Reference
    _initio                                   - Undefined Weak Reference
    _rand_init                                - Undefined Weak Reference
    _signal_finish                            - Undefined Weak Reference
    _signal_init                              - Undefined Weak Reference
    _terminate_alloc                          - Undefined Weak Reference
    _terminate_user_alloc                     - Undefined Weak Reference
    _terminateio                              - Undefined Weak Reference
    __Vectors_Size                           0x00000188   Number         0  startup_stm32f407xx.o ABSOLUTE
    __RL_RTX_VER                             0x00000480   Number         0  rt_system.o ABSOLUTE
    __Vectors                                0x08000000   Data           4  startup_stm32f407xx.o(RESET)
    __Vectors_End                            0x08000188   Data           0  startup_stm32f407xx.o(RESET)
    __main                                   0x08000189   Thumb Code     8  __main.o(!!!main)
    __scatterload                            0x08000191   Thumb Code     0  __scatter.o(!!!scatter)
    __scatterload_rt2                        0x08000191   Thumb Code    44  __scatter.o(!!!scatter)
    __scatterload_rt2_thumb_only             0x08000191   Thumb Code     0  __scatter.o(!!!scatter)
    __scatterload_null                       0x0800019f   Thumb Code     0  __scatter.o(!!!scatter)
    __scatterload_copy                       0x080001c5   Thumb Code    26  __scatter_copy.o(!!handler_copy)
    __scatterload_zeroinit                   0x080001e1   Thumb Code    28  __scatter_zi.o(!!handler_zi)
    __rt_lib_init                            0x080001fd   Thumb Code     0  libinit.o(.ARM.Collect$$libinit$$00000000)
    __rt_lib_init_fp_1                       0x080001ff   Thumb Code     0  libinit2.o(.ARM.Collect$$libinit$$00000001)
    __rt_lib_init_alloca_1                   0x08000203   Thumb Code     0  libinit2.o(.ARM.Collect$$libinit$$0000002E)
    __rt_lib_init_argv_1                     0x08000203   Thumb Code     0  libinit2.o(.ARM.Collect$$libinit$$0000002C)
    __rt_lib_init_atexit_1                   0x08000203   Thumb Code     0  libinit2.o(.ARM.Collect$$libinit$$0000001B)
    __rt_lib_init_clock_1                    0x08000203   Thumb Code     0  libinit2.o(.ARM.Collect$$libinit$$00000021)
    __rt_lib_init_cpp_1                      0x08000203   Thumb Code     0  libinit2.o(.ARM.Collect$$libinit$$00000032)
    __rt_lib_init_exceptions_1               0x08000203   Thumb Code     0  libinit2.o(.ARM.Collect$$libinit$$00000030)
    __rt_lib_init_fp_trap_1                  0x08000203   Thumb Code     0  libinit2.o(.ARM.Collect$$libinit$$0000001F)
    __rt_lib_init_getenv_1                   0x08000203   Thumb Code     0  libinit2.o(.ARM.Collect$$libinit$$00000023)
    __rt_lib_init_heap_1                     0x08000203   Thumb Code     0  libinit2.o(.ARM.Collect$$libinit$$0000000A)
    __rt_lib_init_lc_collate_1               0x08000203   Thumb Code     0  libinit2.o(.ARM.Collect$$libinit$$00000011)
    __rt_lib_init_lc_ctype_1                 0x08000203   Thumb Code     0  libinit2.o(.ARM.Collect$$libinit$$00000013)
    __rt_lib_init_lc_monetary_1              0x08000203   Thumb Code     0  libinit2.o(.ARM.Collect$$libinit$$00000015)
    __rt_lib_init_lc_numeric_1               0x08000203   Thumb Code     0  libinit2.o(.ARM.Collect$$libinit$$00000017)
    __rt_lib_init_lc_time_1                  0x08000203   Thumb Code     0  libinit2.o(.ARM.Collect$$libinit$$00000019)
    __rt_lib_init_preinit_1                  0x08000203   Thumb Code     0  libinit2.o(.ARM.Collect$$libinit$$00000004)
    __rt_lib_init_rand_1                     0x08000203   Thumb Code     0  libinit2.o(.ARM.Collect$$libinit$$0000000E)
    __rt_lib_init_return                     0x08000203   Thumb Code     0  libinit2.o(.ARM.Collect$$libinit$$00000033)
    __rt_lib_init_signal_1                   0x08000203   Thumb Code     0  libinit2.o(.ARM.Collect$$libinit$$0000001D)
    __rt_lib_init_stdio_1                    0x08000203   Thumb Code     0  libinit2.o(.ARM.Collect$$libinit$$00000025)
    __rt_lib_init_user_alloc_1               0x08000203   Thumb Code     0  libinit2.o(.ARM.Collect$$libinit$$0000000C)
    __rt_lib_shutdown                        0x08000205   Thumb Code     0  libshutdown.o(.ARM.Collect$$libshutdown$$00000000)
    __rt_lib_shutdown_cpp_1                  0x08000207   Thumb Code     0  libshutdown2.o(.ARM.Collect$$libshutdown$$00000002)
    __rt_lib_shutdown_fp_trap_1              0x08000207   Thumb Code     0  libshutdown2.o(.ARM.Collect$$libshutdown$$00000007)
    __rt_lib_shutdown_heap_1                 0x08000207   Thumb Code     0  libshutdown2.o(.ARM.Collect$$libshutdown$$0000000F)
    __rt_lib_shutdown_return                 0x08000207   Thumb Code     0  libshutdown2.o(.ARM.Collect$$libshutdown$$00000010)
    __rt_lib_shutdown_signal_1               0x08000207   Thumb Code     0  libshutdown2.o(.ARM.Collect$$libshutdown$$0000000A)
    __rt_lib_shutdown_stdio_1                0x08000207   Thumb Code     0  libshutdown2.o(.ARM.Collect$$libshutdown$$00000004)
    __rt_lib_shutdown_user_alloc_1           0x08000207   Thumb Code     0  libshutdown2.o(.ARM.Collect$$libshutdown$$0000000C)
    __rt_entry                               0x08000209   Thumb Code     0  __rtentry.o(.ARM.Collect$$rtentry$$00000000)
    __rt_entry_presh_1                       0x08000209   Thumb Code     0  __rtentry2.o(.ARM.Collect$$rtentry$$00000002)
    __rt_entry_sh                            0x08000209   Thumb Code     0  __rtentry4.o(.ARM.Collect$$rtentry$$00000004)
    __rt_entry_li                            0x0800020f   Thumb Code     0  __rtentry2.o(.ARM.Collect$$rtentry$$0000000A)
    __rt_entry_postsh_1                      0x0800020f   Thumb Code     0  __rtentry2.o(.ARM.Collect$$rtentry$$00000009)
    __rt_entry_postli_1                      0x08000213   Thumb Code     0  __rtentry2.o(.ARM.Collect$$rtentry$$0000000B)
    __rt_entry_main                          0x0800021b   Thumb Code     0  __rtentry2.o(.ARM.Collect$$rtentry$$0000000D)
    __rt_exit                                0x08000223   Thumb Code     0  rtexit.o(.ARM.Collect$$rtexit$$00000000)
    __rt_exit_ls                             0x08000225   Thumb Code     0  rtexit2.o(.ARM.Collect$$rtexit$$00000003)
    __rt_exit_prels_1                        0x08000225   Thumb Code     0  rtexit2.o(.ARM.Collect$$rtexit$$00000002)
    __rt_exit_exit                           0x08000229   Thumb Code     0  rtexit2.o(.ARM.Collect$$rtexit$$00000004)
    _platform_post_lib_init                  0x08000231   Thumb Code    24  rtx_conf_cm.o(.emb_text)
    rt_set_PSP                               0x0800024d   Thumb Code     6  hal_cm4.o(.emb_text)
    rt_get_PSP                               0x08000253   Thumb Code     6  hal_cm4.o(.emb_text)
    os_set_env                               0x08000259   Thumb Code    24  hal_cm4.o(.emb_text)
    _alloc_box                               0x08000275   Thumb Code    28  hal_cm4.o(.emb_text)
    _free_box                                0x08000295   Thumb Code    28  hal_cm4.o(.emb_text)
    SVC_Handler                              0x080002b5   Thumb Code   168  hal_cm4.o(.emb_text)
    PendSV_Handler                           0x0800036d   Thumb Code    96  hal_cm4.o(.emb_text)
    SysTick_Handler                          0x080003d1   Thumb Code     8  hal_cm4.o(.emb_text)
    OS_Tick_Handler                          0x080003d9   Thumb Code    12  hal_cm4.o(.emb_text)
    Reset_Handler                            0x080003e5   Thumb Code     8  startup_stm32f407xx.o(.text)
    NMI_Handler                              0x080003ed   Thumb Code     2  startup_stm32f407xx.o(.text)
    HardFault_Handler                        0x080003ef   Thumb Code     2  startup_stm32f407xx.o(.text)
    MemManage_Handler                        0x080003f1   Thumb Code     2  startup_stm32f407xx.o(.text)
    BusFault_Handler                         0x080003f3   Thumb Code     2  startup_stm32f407xx.o(.text)
    UsageFault_Handler                       0x080003f5   Thumb Code     2  startup_stm32f407xx.o(.text)
    DebugMon_Handler                         0x080003f9   Thumb Code     2  startup_stm32f407xx.o(.text)
    ADC_IRQHandler                           0x080003ff   Thumb Code     0  startup_stm32f407xx.o(.text)
    CAN1_RX0_IRQHandler                      0x080003ff   Thumb Code     0  startup_stm32f407xx.o(.text)
    CAN1_RX1_IRQHandler                      0x080003ff   Thumb Code     0  startup_stm32f407xx.o(.text)
    CAN1_SCE_IRQHandler                      0x080003ff   Thumb Code     0  startup_stm32f407xx.o(.text)
    CAN1_TX_IRQHandler                       0x080003ff   Thumb Code     0  startup_stm32f407xx.o(.text)
    CAN2_RX0_IRQHandler                      0x080003ff   Thumb Code     0  startup_stm32f407xx.o(.text)
    CAN2_RX1_IRQHandler                      0x080003ff   Thumb Code     0  startup_stm32f407xx.o(.text)
    CAN2_SCE_IRQHandler                      0x080003ff   Thumb Code     0  startup_stm32f407xx.o(.text)
    CAN2_TX_IRQHandler                       0x080003ff   Thumb Code     0  startup_stm32f407xx.o(.text)
    DCMI_IRQHandler                          0x080003ff   Thumb Code     0  startup_stm32f407xx.o(.text)
    DMA1_Stream0_IRQHandler                  0x080003ff   Thumb Code     0  startup_stm32f407xx.o(.text)
    DMA1_Stream1_IRQHandler                  0x080003ff   Thumb Code     0  startup_stm32f407xx.o(.text)
    DMA1_Stream2_IRQHandler                  0x080003ff   Thumb Code     0  startup_stm32f407xx.o(.text)
    DMA1_Stream3_IRQHandler                  0x080003ff   Thumb Code     0  startup_stm32f407xx.o(.text)
    DMA1_Stream4_IRQHandler                  0x080003ff   Thumb Code     0  startup_stm32f407xx.o(.text)
    DMA1_Stream5_IRQHandler                  0x080003ff   Thumb Code     0  startup_stm32f407xx.o(.text)
    DMA1_Stream6_IRQHandler                  0x080003ff   Thumb Code     0  startup_stm32f407xx.o(.text)
    DMA1_Stream7_IRQHandler                  0x080003ff   Thumb Code     0  startup_stm32f407xx.o(.text)
    DMA2_Stream0_IRQHandler                  0x080003ff   Thumb Code     0  startup_stm32f407xx.o(.text)
    DMA2_Stream1_IRQHandler                  0x080003ff   Thumb Code     0  startup_stm32f407xx.o(.text)
    DMA2_Stream2_IRQHandler                  0x080003ff   Thumb Code     0  startup_stm32f407xx.o(.text)
    DMA2_Stream3_IRQHandler                  0x080003ff   Thumb Code     0  startup_stm32f407xx.o(.text)
    DMA2_Stream4_IRQHandler                  0x080003ff   Thumb Code     0  startup_stm32f407xx.o(.text)
    DMA2_Stream5_IRQHandler                  0x080003ff   Thumb Code     0  startup_stm32f407xx.o(.text)
    DMA2_Stream6_IRQHandler                  0x080003ff   Thumb Code     0  startup_stm32f407xx.o(.text)
    DMA2_Stream7_IRQHandler                  0x080003ff   Thumb Code     0  startup_stm32f407xx.o(.text)
    ETH_IRQHandler                           0x080003ff   Thumb Code     0  startup_stm32f407xx.o(.text)
    ETH_WKUP_IRQHandler                      0x080003ff   Thumb Code     0  startup_stm32f407xx.o(.text)
    EXTI0_IRQHandler                         0x080003ff   Thumb Code     0  startup_stm32f407xx.o(.text)
    EXTI15_10_IRQHandler                     0x080003ff   Thumb Code     0  startup_stm32f407xx.o(.text)
    EXTI1_IRQHandler                         0x080003ff   Thumb Code     0  startup_stm32f407xx.o(.text)
    EXTI2_IRQHandler                         0x080003ff   Thumb Code     0  startup_stm32f407xx.o(.text)
    EXTI3_IRQHandler                         0x080003ff   Thumb Code     0  startup_stm32f407xx.o(.text)
    EXTI4_IRQHandler                         0x080003ff   Thumb Code     0  startup_stm32f407xx.o(.text)
    EXTI9_5_IRQHandler                       0x080003ff   Thumb Code     0  startup_stm32f407xx.o(.text)
    FLASH_IRQHandler                         0x080003ff   Thumb Code     0  startup_stm32f407xx.o(.text)
    FMC_IRQHandler                           0x080003ff   Thumb Code     0  startup_stm32f407xx.o(.text)
    FPU_IRQHandler                           0x080003ff   Thumb Code     0  startup_stm32f407xx.o(.text)
    HASH_RNG_IRQHandler                      0x080003ff   Thumb Code     0  startup_stm32f407xx.o(.text)
    I2C1_ER_IRQHandler                       0x080003ff   Thumb Code     0  startup_stm32f407xx.o(.text)
    I2C1_EV_IRQHandler                       0x080003ff   Thumb Code     0  startup_stm32f407xx.o(.text)
    I2C2_ER_IRQHandler                       0x080003ff   Thumb Code     0  startup_stm32f407xx.o(.text)
    I2C2_EV_IRQHandler                       0x080003ff   Thumb Code     0  startup_stm32f407xx.o(.text)
    I2C3_ER_IRQHandler                       0x080003ff   Thumb Code     0  startup_stm32f407xx.o(.text)
    I2C3_EV_IRQHandler                       0x080003ff   Thumb Code     0  startup_stm32f407xx.o(.text)
    OTG_FS_IRQHandler                        0x080003ff   Thumb Code     0  startup_stm32f407xx.o(.text)
    OTG_FS_WKUP_IRQHandler                   0x080003ff   Thumb Code     0  startup_stm32f407xx.o(.text)
    OTG_HS_EP1_IN_IRQHandler                 0x080003ff   Thumb Code     0  startup_stm32f407xx.o(.text)
    OTG_HS_EP1_OUT_IRQHandler                0x080003ff   Thumb Code     0  startup_stm32f407xx.o(.text)
    OTG_HS_IRQHandler                        0x080003ff   Thumb Code     0  startup_stm32f407xx.o(.text)
    OTG_HS_WKUP_IRQHandler                   0x080003ff   Thumb Code     0  startup_stm32f407xx.o(.text)
    PVD_IRQHandler                           0x080003ff   Thumb Code     0  startup_stm32f407xx.o(.text)
    RCC_IRQHandler                           0x080003ff   Thumb Code     0  startup_stm32f407xx.o(.text)
    RTC_Alarm_IRQHandler                     0x080003ff   Thumb Code     0  startup_stm32f407xx.o(.text)
    RTC_WKUP_IRQHandler                      0x080003ff   Thumb Code     0  startup_stm32f407xx.o(.text)
    SDIO_IRQHandler                          0x080003ff   Thumb Code     0  startup_stm32f407xx.o(.text)
    SPI1_IRQHandler                          0x080003ff   Thumb Code     0  startup_stm32f407xx.o(.text)
    SPI2_IRQHandler                          0x080003ff   Thumb Code     0  startup_stm32f407xx.o(.text)
    SPI3_IRQHandler                          0x080003ff   Thumb Code     0  startup_stm32f407xx.o(.text)
    TAMP_STAMP_IRQHandler                    0x080003ff   Thumb Code     0  startup_stm32f407xx.o(.text)
    TIM1_BRK_TIM9_IRQHandler                 0x080003ff   Thumb Code     0  startup_stm32f407xx.o(.text)
    TIM1_CC_IRQHandler                       0x080003ff   Thumb Code     0  startup_stm32f407xx.o(.text)
    TIM1_TRG_COM_TIM11_IRQHandler            0x080003ff   Thumb Code     0  startup_stm32f407xx.o(.text)
    TIM1_UP_TIM10_IRQHandler                 0x080003ff   Thumb Code     0  startup_stm32f407xx.o(.text)
    TIM2_IRQHandler                          0x080003ff   Thumb Code     0  startup_stm32f407xx.o(.text)
    TIM3_IRQHandler                          0x080003ff   Thumb Code     0  startup_stm32f407xx.o(.text)
    TIM4_IRQHandler                          0x080003ff   Thumb Code     0  startup_stm32f407xx.o(.text)
    TIM5_IRQHandler                          0x080003ff   Thumb Code     0  startup_stm32f407xx.o(.text)
    TIM6_DAC_IRQHandler                      0x080003ff   Thumb Code     0  startup_stm32f407xx.o(.text)
    TIM7_IRQHandler                          0x080003ff   Thumb Code     0  startup_stm32f407xx.o(.text)
    TIM8_BRK_TIM12_IRQHandler                0x080003ff   Thumb Code     0  startup_stm32f407xx.o(.text)
    TIM8_CC_IRQHandler                       0x080003ff   Thumb Code     0  startup_stm32f407xx.o(.text)
    TIM8_TRG_COM_TIM14_IRQHandler            0x080003ff   Thumb Code     0  startup_stm32f407xx.o(.text)
    TIM8_UP_TIM13_IRQHandler                 0x080003ff   Thumb Code     0  startup_stm32f407xx.o(.text)
    UART4_IRQHandler                         0x080003ff   Thumb Code     0  startup_stm32f407xx.o(.text)
    UART5_IRQHandler                         0x080003ff   Thumb Code     0  startup_stm32f407xx.o(.text)
    USART1_IRQHandler                        0x080003ff   Thumb Code     0  startup_stm32f407xx.o(.text)
    USART2_IRQHandler                        0x080003ff   Thumb Code     0  startup_stm32f407xx.o(.text)
    USART3_IRQHandler                        0x080003ff   Thumb Code     0  startup_stm32f407xx.o(.text)
    USART6_IRQHandler                        0x080003ff   Thumb Code     0  startup_stm32f407xx.o(.text)
    WWDG_IRQHandler                          0x080003ff   Thumb Code     0  startup_stm32f407xx.o(.text)
    __user_initial_stackheap                 0x08000401   Thumb Code     0  startup_stm32f407xx.o(.text)
    __user_libspace                          0x08000425   Thumb Code     8  libspace.o(.text)
    __user_perproc_libspace                  0x08000425   Thumb Code     0  libspace.o(.text)
    exit                                     0x0800042d   Thumb Code    18  exit.o(.text)
    __use_two_region_memory                  0x0800043f   Thumb Code     2  heapauxi.o(.text)
    __rt_heap_escrow$2region                 0x08000441   Thumb Code     2  heapauxi.o(.text)
    __rt_heap_expand$2region                 0x08000443   Thumb Code     2  heapauxi.o(.text)
    _sys_exit                                0x08000445   Thumb Code     8  sys_exit.o(.text)
    __user_setup_stackheap                   0x08000451   Thumb Code    74  sys_stackheap_outer.o(.text)
    __I$use$semihosting                      0x0800049b   Thumb Code     0  use_no_semi.o(.text)
    __use_no_semihosting_swi                 0x0800049b   Thumb Code     2  use_no_semi.o(.text)
    SVC_Count                                0x0800049c   Data           4  svc_table.o(SVC_TABLE)
    __semihosting_library_function           0x0800049d   Thumb Code     0  indicate_semi.o(.text)
    Blink_LED                                0x080004a1   Thumb Code    28  my_defines.o(i.Blink_LED)
    SVC_Table                                0x080004a0   Data           0  svc_table.o(SVC_TABLE)
    Blink_LED_Thread                         0x080004c1   Thumb Code    46  thread.o(i.Blink_LED_Thread)
    Blink_Pattern_Thread                     0x080004f1   Thumb Code   206  thread.o(i.Blink_Pattern_Thread)
    Button_Thread                            0x080005cd   Thumb Code    76  thread.o(i.Button_Thread)
    HAL_GPIO_Init                            0x08000621   Thumb Code   452  stm32f4xx_hal_gpio.o(i.HAL_GPIO_Init)
    HAL_GetTick                              0x08000811   Thumb Code     6  stm32f4xx_hal.o(i.HAL_GetTick)
    HAL_SPI_Init                             0x0800081d   Thumb Code   222  stm32f4xx_hal_spi.o(i.HAL_SPI_Init)
    HAL_SPI_MspInit                          0x080008fb   Thumb Code     2  stm32f4xx_hal_spi.o(i.HAL_SPI_MspInit)
    HAL_SPI_Receive                          0x080008fd   Thumb Code   546  stm32f4xx_hal_spi.o(i.HAL_SPI_Receive)
    HAL_SPI_Transmit                         0x08000b1f   Thumb Code   486  stm32f4xx_hal_spi.o(i.HAL_SPI_Transmit)
    HAL_SPI_TransmitReceive                  0x08000d05   Thumb Code   722  stm32f4xx_hal_spi.o(i.HAL_SPI_TransmitReceive)
    Init_Blink_Pattern_Thread                0x08000fd9   Thumb Code    30  thread.o(i.Init_Blink_Pattern_Thread)
    Init_Button_Thread                       0x08001001   Thumb Code    30  thread.o(i.Init_Button_Thread)
    Init_SPI                                 0x08001029   Thumb Code   166  my_defines.o(i.Init_SPI)
    Init_Tilt_Thread                         0x080010ed   Thumb Code    30  thread.o(i.Init_Tilt_Thread)
    Initialise_LED                           0x08001115   Thumb Code    56  my_defines.o(i.Initialise_LED)
    Initialise_button                        0x08001155   Thumb Code    26  my_defines.o(i.Initialise_button)
    LIS3DSH_enable                           0x08001179   Thumb Code    54  my_defines.o(i.LIS3DSH_enable)
    SystemCoreClockUpdate                    0x08001391   Thumb Code   170  system_stm32f4xx.o(i.SystemCoreClockUpdate)
    SystemInit                               0x08001451   Thumb Code   244  system_stm32f4xx.o(i.SystemInit)
    Tilt_Thread                              0x08001555   Thumb Code   378  thread.o(i.Tilt_Thread)
    _init_box                                0x080016d9   Thumb Code    70  rt_membox.o(i._init_box)
    _mutex_acquire                           0x08001721   Thumb Code    22  rtx_conf_cm.o(i._mutex_acquire)
    _mutex_release                           0x08001741   Thumb Code    18  rtx_conf_cm.o(i._mutex_release)
    dbg_init                                 0x0800175d   Thumb Code    34  hal_cm.o(i.dbg_init)
    dbg_task_notify                          0x0800178d   Thumb Code    32  hal_cm.o(i.dbg_task_notify)
    dbg_task_switch                          0x080017ad   Thumb Code    16  hal_cm.o(i.dbg_task_switch)
    is_button_pressed                        0x080017bd   Thumb Code    34  my_defines.o(i.is_button_pressed)
    isrMessageGet                            0x080017e9   Thumb Code    42  rt_cmsis.o(i.isrMessageGet)
    isrMessagePut                            0x08001813   Thumb Code    44  rt_cmsis.o(i.isrMessagePut)
    isrSignalSet                             0x0800183f   Thumb Code    36  rt_cmsis.o(i.isrSignalSet)
    isr_evt_set                              0x08001865   Thumb Code    34  rt_event.o(i.isr_evt_set)
    isr_mbx_receive                          0x0800188d   Thumb Code    82  rt_mailbox.o(i.isr_mbx_receive)
    isr_mbx_send                             0x080018df   Thumb Code    14  rt_mailbox.o(i.isr_mbx_send)
    main                                     0x080018ed   Thumb Code    40  main.o(i.main)
    osDelay                                  0x08001915   Thumb Code    18  rt_cmsis.o(i.osDelay)
    osKernelInitialize                       0x0800192d   Thumb Code    30  rt_cmsis.o(i.osKernelInitialize)
    osKernelStart                            0x08001951   Thumb Code    98  rt_cmsis.o(i.osKernelStart)
    osMessageGet                             0x080019bd   Thumb Code    18  rt_cmsis.o(i.osMessageGet)
    osSignalClear                            0x080019d5   Thumb Code    20  rt_cmsis.o(i.osSignalClear)
    osSignalSet                              0x080019ed   Thumb Code    18  rt_cmsis.o(i.osSignalSet)
    osSignalWait                             0x08001a05   Thumb Code    18  rt_cmsis.o(i.osSignalWait)
    osThreadCreate                           0x08001a1d   Thumb Code    38  rt_cmsis.o(i.osThreadCreate)
    osThreadExit                             0x08001a4d   Thumb Code    14  rt_cmsis.o(i.osThreadExit)
    osThreadYield                            0x08001a65   Thumb Code    18  rt_cmsis.o(i.osThreadYield)
    osTimerCall                              0x08001a7d   Thumb Code     8  rt_cmsis.o(i.osTimerCall)
    osTimerThread                            0x08001a89   Thumb Code    38  rt_cmsis.o(i.osTimerThread)
    os_error                                 0x08001ab5   Thumb Code    34  rtx_conf_cm.o(i.os_error)
    os_idle_demon                            0x08001ad7   Thumb Code     4  rtx_conf_cm.o(i.os_idle_demon)
    os_tick_init                             0x08001add   Thumb Code    32  rt_system.o(i.os_tick_init)
    os_tick_irqack                           0x08001b05   Thumb Code     2  rt_system.o(i.os_tick_irqack)
    read_accel                               0x08001b09   Thumb Code    64  my_defines.o(i.read_accel)
    rt_alloc_box                             0x08001b51   Thumb Code    26  rt_membox.o(i.rt_alloc_box)
    rt_alloc_mem                             0x08001b6b   Thumb Code    62  rt_memory.o(i.rt_alloc_mem)
    rt_block                                 0x08001ba9   Thumb Code    48  rt_task.o(i.rt_block)
    rt_chk_robin                             0x08001be1   Thumb Code    60  rt_robin.o(i.rt_chk_robin)
    rt_dec_dly                               0x08001c29   Thumb Code   102  rt_list.o(i.rt_dec_dly)
    rt_dispatch                              0x08001c99   Thumb Code    60  rt_task.o(i.rt_dispatch)
    rt_dly_wait                              0x08001cdd   Thumb Code     6  rt_time.o(i.rt_dly_wait)
    rt_evt_clr                               0x08001ce5   Thumb Code    22  rt_event.o(i.rt_evt_clr)
    rt_evt_psh                               0x08001d01   Thumb Code    76  rt_event.o(i.rt_evt_psh)
    rt_evt_set                               0x08001d51   Thumb Code    88  rt_event.o(i.rt_evt_set)
    rt_evt_wait                              0x08001dad   Thumb Code    56  rt_event.o(i.rt_evt_wait)
    rt_free_box                              0x08001de9   Thumb Code    44  rt_membox.o(i.rt_free_box)
    rt_free_mem                              0x08001e15   Thumb Code    40  rt_memory.o(i.rt_free_mem)
    rt_get_first                             0x08001e3d   Thumb Code    40  rt_list.o(i.rt_get_first)
    rt_get_same_rdy_prio                     0x08001e65   Thumb Code    26  rt_list.o(i.rt_get_same_rdy_prio)
    rt_init_mem                              0x08001ed9   Thumb Code    26  rt_memory.o(i.rt_init_mem)
    rt_init_robin                            0x08001ef5   Thumb Code    14  rt_robin.o(i.rt_init_robin)
    rt_init_stack                            0x08001f0d   Thumb Code   118  hal_cm.o(i.rt_init_stack)
    rt_mbx_check                             0x08001f8d   Thumb Code     8  rt_mailbox.o(i.rt_mbx_check)
    rt_mbx_init                              0x08001f95   Thumb Code    26  rt_mailbox.o(i.rt_mbx_init)
    rt_mbx_psh                               0x08001fb1   Thumb Code   236  rt_mailbox.o(i.rt_mbx_psh)
    rt_mbx_wait                              0x080020a1   Thumb Code   174  rt_mailbox.o(i.rt_mbx_wait)
    rt_mut_release                           0x08002199   Thumb Code   208  rt_mutex.o(i.rt_mut_release)
    rt_mut_wait                              0x08002271   Thumb Code   100  rt_mutex.o(i.rt_mut_wait)
    rt_pop_req                               0x080022d9   Thumb Code   112  rt_system.o(i.rt_pop_req)
    rt_psh_req                               0x08002355   Thumb Code    22  rt_system.o(i.rt_psh_req)
    rt_psq_enq                               0x08002375   Thumb Code    88  rt_list.o(i.rt_psq_enq)
    rt_put_dly                               0x080023d1   Thumb Code    68  rt_list.o(i.rt_put_dly)
    rt_put_prio                              0x08002419   Thumb Code    54  rt_list.o(i.rt_put_prio)
    rt_put_rdy_first                         0x08002451   Thumb Code    14  rt_list.o(i.rt_put_rdy_first)
    rt_resort_prio                           0x08002465   Thumb Code    46  rt_list.o(i.rt_resort_prio)
    rt_ret_val                               0x080024a9   Thumb Code    12  hal_cm.o(i.rt_ret_val)
    rt_ret_val2                              0x080024b5   Thumb Code    16  hal_cm.o(i.rt_ret_val2)
    rt_rmv_dly                               0x080024c5   Thumb Code    40  rt_list.o(i.rt_rmv_dly)
    rt_rmv_list                              0x080024ed   Thumb Code    44  rt_list.o(i.rt_rmv_list)
    rt_sem_psh                               0x0800251d   Thumb Code    48  rt_semaphore.o(i.rt_sem_psh)
    rt_stk_check                             0x08002551   Thumb Code    28  rt_system.o(i.rt_stk_check)
    rt_switch_req                            0x08002575   Thumb Code    30  rt_task.o(i.rt_switch_req)
    rt_sys_init                              0x0800259d   Thumb Code   138  rt_task.o(i.rt_sys_init)
    rt_sys_start                             0x08002669   Thumb Code   110  rt_task.o(i.rt_sys_start)
    rt_systick                               0x080026e1   Thumb Code    50  rt_system.o(i.rt_systick)
    rt_tsk_create                            0x08002769   Thumb Code   118  rt_task.o(i.rt_tsk_create)
    rt_tsk_delete                            0x080027f1   Thumb Code   352  rt_task.o(i.rt_tsk_delete)
    rt_tsk_pass                              0x0800296d   Thumb Code    38  rt_task.o(i.rt_tsk_pass)
    rt_tsk_prio                              0x0800299d   Thumb Code   108  rt_task.o(i.rt_tsk_prio)
    rt_tsk_self                              0x08002a19   Thumb Code    12  rt_task.o(i.rt_tsk_self)
    svcDelay                                 0x08002a29   Thumb Code    18  rt_cmsis.o(i.svcDelay)
    svcKernelInitialize                      0x08002a3d   Thumb Code    80  rt_cmsis.o(i.svcKernelInitialize)
    svcKernelStart                           0x08002aad   Thumb Code    62  rt_cmsis.o(i.svcKernelStart)
    svcMessageCreate                         0x08002af5   Thumb Code    36  rt_cmsis.o(i.svcMessageCreate)
    svcMessageGet                            0x08002b19   Thumb Code    58  rt_cmsis.o(i.svcMessageGet)
    svcSignalClear                           0x08002b53   Thumb Code    36  rt_cmsis.o(i.svcSignalClear)
    svcSignalSet                             0x08002b77   Thumb Code    36  rt_cmsis.o(i.svcSignalSet)
    svcSignalWait                            0x08002b9d   Thumb Code    80  rt_cmsis.o(i.svcSignalWait)
    svcThreadCreate                          0x08002bf1   Thumb Code   100  rt_cmsis.o(i.svcThreadCreate)
    svcThreadGetId                           0x08002c61   Thumb Code    22  rt_cmsis.o(i.svcThreadGetId)
    svcThreadTerminate                       0x08002c7d   Thumb Code    50  rt_cmsis.o(i.svcThreadTerminate)
    svcThreadYield                           0x08002cb5   Thumb Code    10  rt_cmsis.o(i.svcThreadYield)
    svcTimerCall                             0x08002cbf   Thumb Code    24  rt_cmsis.o(i.svcTimerCall)
    sysTimerTick                             0x08002cd9   Thumb Code    84  rt_cmsis.o(i.sysTimerTick)
    _fp_init                                 0x08002d35   Thumb Code    10  fpinit.o(x$fpl$fpinit)
    __fplib_config_fpu_vfp                   0x08002d3d   Thumb Code     0  fpinit.o(x$fpl$fpinit)
    __fplib_config_pureend_doubles           0x08002d3d   Thumb Code     0  fpinit.o(x$fpl$fpinit)
    os_thread_def_Blink_LED_Thread           0x08002d40   Data          16  thread.o(.constdata)
    os_thread_def_Button_Thread              0x08002d50   Data          16  thread.o(.constdata)
    os_thread_def_Tilt_Thread                0x08002d60   Data          16  thread.o(.constdata)
    os_thread_def_Blink_Pattern_Thread       0x08002d70   Data          16  thread.o(.constdata)
    os_maxtaskrun                            0x08002d80   Data           2  rtx_conf_cm.o(.constdata)
    os_stackinfo                             0x08002d84   Data           4  rtx_conf_cm.o(.constdata)
    os_rrobin                                0x08002d88   Data           4  rtx_conf_cm.o(.constdata)
    os_tickfreq                              0x08002d8c   Data           4  rtx_conf_cm.o(.constdata)
    os_tickus_i                              0x08002d90   Data           2  rtx_conf_cm.o(.constdata)
    os_tickus_f                              0x08002d92   Data           2  rtx_conf_cm.o(.constdata)
    os_trv                                   0x08002d94   Data           4  rtx_conf_cm.o(.constdata)
    os_flags                                 0x08002d98   Data           1  rtx_conf_cm.o(.constdata)
    CMSIS_RTOS_API_Version                   0x08002d9c   Data           4  rtx_conf_cm.o(.constdata)
    CMSIS_RTOS_RTX_Version                   0x08002da0   Data           4  rtx_conf_cm.o(.constdata)
    os_clockrate                             0x08002da4   Data           4  rtx_conf_cm.o(.constdata)
    os_timernum                              0x08002da8   Data           4  rtx_conf_cm.o(.constdata)
    mp_tcb_size                              0x08002dac   Data           2  rtx_conf_cm.o(.constdata)
    mp_stk_size                              0x08002db0   Data           4  rtx_conf_cm.o(.constdata)
    os_stack_sz                              0x08002db4   Data           4  rtx_conf_cm.o(.constdata)
    os_fifo_size                             0x08002db8   Data           1  rtx_conf_cm.o(.constdata)
    os_thread_def_osTimerThread              0x08002dbc   Data          16  rtx_conf_cm.o(.constdata)
    os_messageQ_def_osTimerMessageQ          0x08002dcc   Data           8  rtx_conf_cm.o(.constdata)
    mp_tmr_size                              0x08002dd4   Data           2  rtx_conf_cm.o(.constdata)
    AHBPrescTable                            0x08002dd6   Data          16  system_stm32f4xx.o(.constdata)
    APBPrescTable                            0x08002de6   Data           8  system_stm32f4xx.o(.constdata)
    Region$$Table$$Base                      0x08002df0   Number         0  anon$$obj.o(Region$$Table)
    Region$$Table$$Limit                     0x08002e10   Number         0  anon$$obj.o(Region$$Table)
    tid_Blink_LED_Thread                     0x20000000   Data           4  thread.o(.data)
    tid_Button_Thread                        0x20000004   Data           4  thread.o(.data)
    tid_Tilt_Thread                          0x20000008   Data           4  thread.o(.data)
    tid_Blink_Pattern_Thread                 0x2000000c   Data           4  thread.o(.data)
    flag_state                               0x20000010   Data           1  thread.o(.data)
    osThreadId_osTimerThread                 0x20000014   Data           4  rtx_conf_cm.o(.data)
    osMessageQId_osTimerMessageQ             0x20000018   Data           4  rtx_conf_cm.o(.data)
    os_tmr                                   0x2000001c   Data           4  rtx_conf_cm.o(.data)
    m_tmr                                    0x20000020   Data           4  rtx_conf_cm.o(.data)
    os_thread_def_main                       0x20000028   Data          16  rtx_conf_cm.o(.data)
    uwTick                                   0x20000038   Data           4  stm32f4xx_hal.o(.data)
    uwTickPrio                               0x2000003c   Data           4  stm32f4xx_hal.o(.data)
    uwTickFreq                               0x20000040   Data           1  stm32f4xx_hal.o(.data)
    SystemCoreClock                          0x20000044   Data           4  system_stm32f4xx.o(.data)
    os_initialized                           0x20000048   Data           1  rt_cmsis.o(.data)
    os_running                               0x20000049   Data           1  rt_cmsis.o(.data)
    os_timer_head                            0x2000004c   Data           4  rt_cmsis.o(.data)
    os_tsk                                   0x20000050   Data           8  rt_task.o(.data)
    os_tick_irqn                             0x2000005c   Data           4  rt_system.o(.data)
    os_time                                  0x20000060   Data           4  rt_time.o(.data)
    os_robin                                 0x20000064   Data           8  rt_robin.o(.data)
    dbg_msg                                  0x2000006c   Data           1  hal_cm.o(.data)
    SPI_Params                               0x20000070   Data          88  my_defines.o(.bss)
    GPIOA_Params                             0x200000c8   Data          20  my_defines.o(.bss)
    GPIOE_Params                             0x200000dc   Data          20  my_defines.o(.bss)
    mp_tcb                                   0x200000f0   Data         376  rtx_conf_cm.o(.bss)
    mp_stk                                   0x20000268   Data        4816  rtx_conf_cm.o(.bss)
    os_stack_mem                             0x20001538   Data        1032  rtx_conf_cm.o(.bss)
    os_fifo                                  0x20001940   Data         132  rtx_conf_cm.o(.bss)
    os_active_TCB                            0x200019c4   Data          28  rtx_conf_cm.o(.bss)
    os_messageQ_q_osTimerMessageQ            0x200019e0   Data          32  rtx_conf_cm.o(.bss)
    os_idle_TCB                              0x20001d20   Data          52  rt_task.o(.bss)
    os_rdy                                   0x20001d54   Data          24  rt_list.o(.bss)
    os_dly                                   0x20001d6c   Data          24  rt_list.o(.bss)
    __libspace_start                         0x20001d84   Data          96  libspace.o(.bss)
    __temporary_stack_top$libspace           0x20001de4   Data           0  libspace.o(.bss)



==============================================================================

Memory Map of the image

  Image Entry point : 0x080003e5

  Load Region LR_1 (Base: 0x08000000, Size: 0x00002e80, Max: 0xffffffff, ABSOLUTE)

    Execution Region ER_RO (Base: 0x08000000, Size: 0x00002e10, Max: 0xffffffff, ABSOLUTE)

    Base Addr    Size         Type   Attr      Idx    E Section Name        Object

    0x08000000   0x00000188   Data   RO         2529    RESET               startup_stm32f407xx.o
    0x08000188   0x00000008   Code   RO         3801  * !!!main             c_w.l(__main.o)
    0x08000190   0x00000034   Code   RO         3962    !!!scatter          c_w.l(__scatter.o)
    0x080001c4   0x0000001a   Code   RO         3964    !!handler_copy      c_w.l(__scatter_copy.o)
    0x080001de   0x00000002   PAD
    0x080001e0   0x0000001c   Code   RO         3966    !!handler_zi        c_w.l(__scatter_zi.o)
    0x080001fc   0x00000002   Code   RO         3848    .ARM.Collect$$libinit$$00000000  c_w.l(libinit.o)
    0x080001fe   0x00000004   Code   RO         3859    .ARM.Collect$$libinit$$00000001  c_w.l(libinit2.o)
    0x08000202   0x00000000   Code   RO         3862    .ARM.Collect$$libinit$$00000004  c_w.l(libinit2.o)
    0x08000202   0x00000000   Code   RO         3865    .ARM.Collect$$libinit$$0000000A  c_w.l(libinit2.o)
    0x08000202   0x00000000   Code   RO         3867    .ARM.Collect$$libinit$$0000000C  c_w.l(libinit2.o)
    0x08000202   0x00000000   Code   RO         3869    .ARM.Collect$$libinit$$0000000E  c_w.l(libinit2.o)
    0x08000202   0x00000000   Code   RO         3872    .ARM.Collect$$libinit$$00000011  c_w.l(libinit2.o)
    0x08000202   0x00000000   Code   RO         3874    .ARM.Collect$$libinit$$00000013  c_w.l(libinit2.o)
    0x08000202   0x00000000   Code   RO         3876    .ARM.Collect$$libinit$$00000015  c_w.l(libinit2.o)
    0x08000202   0x00000000   Code   RO         3878    .ARM.Collect$$libinit$$00000017  c_w.l(libinit2.o)
    0x08000202   0x00000000   Code   RO         3880    .ARM.Collect$$libinit$$00000019  c_w.l(libinit2.o)
    0x08000202   0x00000000   Code   RO         3882    .ARM.Collect$$libinit$$0000001B  c_w.l(libinit2.o)
    0x08000202   0x00000000   Code   RO         3884    .ARM.Collect$$libinit$$0000001D  c_w.l(libinit2.o)
    0x08000202   0x00000000   Code   RO         3886    .ARM.Collect$$libinit$$0000001F  c_w.l(libinit2.o)
    0x08000202   0x00000000   Code   RO         3888    .ARM.Collect$$libinit$$00000021  c_w.l(libinit2.o)
    0x08000202   0x00000000   Code   RO         3890    .ARM.Collect$$libinit$$00000023  c_w.l(libinit2.o)
    0x08000202   0x00000000   Code   RO         3892    .ARM.Collect$$libinit$$00000025  c_w.l(libinit2.o)
    0x08000202   0x00000000   Code   RO         3896    .ARM.Collect$$libinit$$0000002C  c_w.l(libinit2.o)
    0x08000202   0x00000000   Code   RO         3898    .ARM.Collect$$libinit$$0000002E  c_w.l(libinit2.o)
    0x08000202   0x00000000   Code   RO         3900    .ARM.Collect$$libinit$$00000030  c_w.l(libinit2.o)
    0x08000202   0x00000000   Code   RO         3902    .ARM.Collect$$libinit$$00000032  c_w.l(libinit2.o)
    0x08000202   0x00000002   Code   RO         3903    .ARM.Collect$$libinit$$00000033  c_w.l(libinit2.o)
    0x08000204   0x00000002   Code   RO         3849    .ARM.Collect$$libshutdown$$00000000  c_w.l(libshutdown.o)
    0x08000206   0x00000000   Code   RO         3905    .ARM.Collect$$libshutdown$$00000002  c_w.l(libshutdown2.o)
    0x08000206   0x00000000   Code   RO         3907    .ARM.Collect$$libshutdown$$00000004  c_w.l(libshutdown2.o)
    0x08000206   0x00000000   Code   RO         3910    .ARM.Collect$$libshutdown$$00000007  c_w.l(libshutdown2.o)
    0x08000206   0x00000000   Code   RO         3913    .ARM.Collect$$libshutdown$$0000000A  c_w.l(libshutdown2.o)
    0x08000206   0x00000000   Code   RO         3915    .ARM.Collect$$libshutdown$$0000000C  c_w.l(libshutdown2.o)
    0x08000206   0x00000000   Code   RO         3918    .ARM.Collect$$libshutdown$$0000000F  c_w.l(libshutdown2.o)
    0x08000206   0x00000002   Code   RO         3919    .ARM.Collect$$libshutdown$$00000010  c_w.l(libshutdown2.o)
    0x08000208   0x00000000   Code   RO         3803    .ARM.Collect$$rtentry$$00000000  c_w.l(__rtentry.o)
    0x08000208   0x00000000   Code   RO         3811    .ARM.Collect$$rtentry$$00000002  c_w.l(__rtentry2.o)
    0x08000208   0x00000006   Code   RO         3823    .ARM.Collect$$rtentry$$00000004  c_w.l(__rtentry4.o)
    0x0800020e   0x00000000   Code   RO         3813    .ARM.Collect$$rtentry$$00000009  c_w.l(__rtentry2.o)
    0x0800020e   0x00000004   Code   RO         3814    .ARM.Collect$$rtentry$$0000000A  c_w.l(__rtentry2.o)
    0x08000212   0x00000008   Code   RO         3815    .ARM.Collect$$rtentry$$0000000B  c_w.l(__rtentry2.o)
    0x0800021a   0x00000008   Code   RO         3817    .ARM.Collect$$rtentry$$0000000D  c_w.l(__rtentry2.o)
    0x08000222   0x00000002   Code   RO         3804    .ARM.Collect$$rtexit$$00000000  c_w.l(rtexit.o)
    0x08000224   0x00000000   Code   RO         3826    .ARM.Collect$$rtexit$$00000002  c_w.l(rtexit2.o)
    0x08000224   0x00000004   Code   RO         3827    .ARM.Collect$$rtexit$$00000003  c_w.l(rtexit2.o)
    0x08000228   0x00000006   Code   RO         3828    .ARM.Collect$$rtexit$$00000004  c_w.l(rtexit2.o)
    0x0800022e   0x00000002   PAD
    0x08000230   0x0000001c   Code   RO          274    .emb_text           rtx_conf_cm.o
    0x0800024c   0x00000198   Code   RO         3777    .emb_text           RTX_CM4.lib(hal_cm4.o)
    0x080003e4   0x00000040   Code   RO         2530  * .text               startup_stm32f407xx.o
    0x08000424   0x00000008   Code   RO         3792    .text               c_w.l(libspace.o)
    0x0800042c   0x00000012   Code   RO         3797    .text               c_w.l(exit.o)
    0x0800043e   0x00000006   Code   RO         3799    .text               c_w.l(heapauxi.o)
    0x08000444   0x0000000c   Code   RO         3834    .text               c_w.l(sys_exit.o)
    0x08000450   0x0000004a   Code   RO         3836    .text               c_w.l(sys_stackheap_outer.o)
    0x0800049a   0x00000002   Code   RO         3850    .text               c_w.l(use_no_semi.o)
    0x0800049c   0x00000000   Code   RO         3852    .text               c_w.l(indicate_semi.o)
    0x0800049c   0x00000004   Code   RO         3787    SVC_TABLE           RTX_CM4.lib(svc_table.o)
    0x080004a0   0x00000020   Code   RO          137    i.Blink_LED         my_defines.o
    0x080004c0   0x0000002e   Code   RO          207    i.Blink_LED_Thread  thread.o
    0x080004ee   0x00000002   PAD
    0x080004f0   0x000000dc   Code   RO          208    i.Blink_Pattern_Thread  thread.o
    0x080005cc   0x00000054   Code   RO          209    i.Button_Thread     thread.o
    0x08000620   0x000001f0   Code   RO          811    i.HAL_GPIO_Init     stm32f4xx_hal_gpio.o
    0x08000810   0x0000000c   Code   RO          348    i.HAL_GetTick       stm32f4xx_hal.o
    0x0800081c   0x000000de   Code   RO         1215    i.HAL_SPI_Init      stm32f4xx_hal_spi.o
    0x080008fa   0x00000002   Code   RO         1217    i.HAL_SPI_MspInit   stm32f4xx_hal_spi.o
    0x080008fc   0x00000222   Code   RO         1218    i.HAL_SPI_Receive   stm32f4xx_hal_spi.o
    0x08000b1e   0x000001e6   Code   RO         1223    i.HAL_SPI_Transmit  stm32f4xx_hal_spi.o
    0x08000d04   0x000002d2   Code   RO         1224    i.HAL_SPI_TransmitReceive  stm32f4xx_hal_spi.o
    0x08000fd6   0x00000002   PAD
    0x08000fd8   0x00000028   Code   RO          211    i.Init_Blink_Pattern_Thread  thread.o
    0x08001000   0x00000028   Code   RO          212    i.Init_Button_Thread  thread.o
    0x08001028   0x000000c4   Code   RO          138    i.Init_SPI          my_defines.o
    0x080010ec   0x00000028   Code   RO          213    i.Init_Tilt_Thread  thread.o
    0x08001114   0x00000040   Code   RO          139    i.Initialise_LED    my_defines.o
    0x08001154   0x00000024   Code   RO          140    i.Initialise_button  my_defines.o
    0x08001178   0x00000040   Code   RO          141    i.LIS3DSH_enable    my_defines.o
    0x080011b8   0x00000094   Code   RO         1254    i.SPI_EndRxTransaction  stm32f4xx_hal_spi.o
    0x0800124c   0x0000006c   Code   RO         1255    i.SPI_EndRxTxTransaction  stm32f4xx_hal_spi.o
    0x080012b8   0x000000d8   Code   RO         1262    i.SPI_WaitFlagStateUntilTimeout  stm32f4xx_hal_spi.o
    0x08001390   0x000000c0   Code   RO         2537    i.SystemCoreClockUpdate  system_stm32f4xx.o
    0x08001450   0x00000104   Code   RO         2538    i.SystemInit        system_stm32f4xx.o
    0x08001554   0x00000184   Code   RO          214    i.Tilt_Thread       thread.o
    0x080016d8   0x00000046   Code   RO         3671    i._init_box         RTX_CM4.lib(rt_membox.o)
    0x0800171e   0x00000002   PAD
    0x08001720   0x00000020   Code   RO          276    i._mutex_acquire    rtx_conf_cm.o
    0x08001740   0x0000001c   Code   RO          278    i._mutex_release    rtx_conf_cm.o
    0x0800175c   0x00000030   Code   RO         3724    i.dbg_init          RTX_CM4.lib(hal_cm.o)
    0x0800178c   0x00000020   Code   RO         3725    i.dbg_task_notify   RTX_CM4.lib(hal_cm.o)
    0x080017ac   0x00000010   Code   RO         3726    i.dbg_task_switch   RTX_CM4.lib(hal_cm.o)
    0x080017bc   0x0000002c   Code   RO          143    i.is_button_pressed  my_defines.o
    0x080017e8   0x0000002a   Code   RO         2574    i.isrMessageGet     RTX_CM4.lib(rt_cmsis.o)
    0x08001812   0x0000002c   Code   RO         2575    i.isrMessagePut     RTX_CM4.lib(rt_cmsis.o)
    0x0800183e   0x00000024   Code   RO         2577    i.isrSignalSet      RTX_CM4.lib(rt_cmsis.o)
    0x08001862   0x00000002   PAD
    0x08001864   0x00000028   Code   RO         3408    i.isr_evt_set       RTX_CM4.lib(rt_event.o)
    0x0800188c   0x00000052   Code   RO         3526    i.isr_mbx_receive   RTX_CM4.lib(rt_mailbox.o)
    0x080018de   0x0000000e   Code   RO         3527    i.isr_mbx_send      RTX_CM4.lib(rt_mailbox.o)
    0x080018ec   0x00000028   Code   RO            4    i.main              main.o
    0x08001914   0x00000018   Code   RO         2578    i.osDelay           RTX_CM4.lib(rt_cmsis.o)
    0x0800192c   0x00000024   Code   RO         2579    i.osKernelInitialize  RTX_CM4.lib(rt_cmsis.o)
    0x08001950   0x0000006c   Code   RO         2581    i.osKernelStart     RTX_CM4.lib(rt_cmsis.o)
    0x080019bc   0x00000018   Code   RO         2590    i.osMessageGet      RTX_CM4.lib(rt_cmsis.o)
    0x080019d4   0x00000018   Code   RO         2604    i.osSignalClear     RTX_CM4.lib(rt_cmsis.o)
    0x080019ec   0x00000018   Code   RO         2605    i.osSignalSet       RTX_CM4.lib(rt_cmsis.o)
    0x08001a04   0x00000018   Code   RO         2606    i.osSignalWait      RTX_CM4.lib(rt_cmsis.o)
    0x08001a1c   0x00000030   Code   RO         2607    i.osThreadCreate    RTX_CM4.lib(rt_cmsis.o)
    0x08001a4c   0x00000018   Code   RO         2608    i.osThreadExit      RTX_CM4.lib(rt_cmsis.o)
    0x08001a64   0x00000018   Code   RO         2613    i.osThreadYield     RTX_CM4.lib(rt_cmsis.o)
    0x08001a7c   0x0000000c   Code   RO         2614    i.osTimerCall       RTX_CM4.lib(rt_cmsis.o)
    0x08001a88   0x0000002c   Code   RO         2619    i.osTimerThread     RTX_CM4.lib(rt_cmsis.o)
    0x08001ab4   0x00000022   Code   RO          279    i.os_error          rtx_conf_cm.o
    0x08001ad6   0x00000004   Code   RO          280    i.os_idle_demon     rtx_conf_cm.o
    0x08001ada   0x00000002   PAD
    0x08001adc   0x00000028   Code   RO         3318    i.os_tick_init      RTX_CM4.lib(rt_system.o)
    0x08001b04   0x00000002   Code   RO         3319    i.os_tick_irqack    RTX_CM4.lib(rt_system.o)
    0x08001b06   0x00000002   PAD
    0x08001b08   0x00000048   Code   RO          144    i.read_accel        my_defines.o
    0x08001b50   0x0000001a   Code   RO         3672    i.rt_alloc_box      RTX_CM4.lib(rt_membox.o)
    0x08001b6a   0x0000003e   Code   RO         3700    i.rt_alloc_mem      RTX_CM4.lib(rt_memory.o)
    0x08001ba8   0x00000038   Code   RO         3199    i.rt_block          RTX_CM4.lib(rt_task.o)
    0x08001be0   0x00000048   Code   RO         3649    i.rt_chk_robin      RTX_CM4.lib(rt_robin.o)
    0x08001c28   0x00000070   Code   RO         3450    i.rt_dec_dly        RTX_CM4.lib(rt_list.o)
    0x08001c98   0x00000044   Code   RO         3200    i.rt_dispatch       RTX_CM4.lib(rt_task.o)
    0x08001cdc   0x00000006   Code   RO         3616    i.rt_dly_wait       RTX_CM4.lib(rt_time.o)
    0x08001ce2   0x00000002   PAD
    0x08001ce4   0x0000001c   Code   RO         3409    i.rt_evt_clr        RTX_CM4.lib(rt_event.o)
    0x08001d00   0x00000050   Code   RO         3411    i.rt_evt_psh        RTX_CM4.lib(rt_event.o)
    0x08001d50   0x0000005c   Code   RO         3412    i.rt_evt_set        RTX_CM4.lib(rt_event.o)
    0x08001dac   0x0000003c   Code   RO         3413    i.rt_evt_wait       RTX_CM4.lib(rt_event.o)
    0x08001de8   0x0000002c   Code   RO         3673    i.rt_free_box       RTX_CM4.lib(rt_membox.o)
    0x08001e14   0x00000028   Code   RO         3701    i.rt_free_mem       RTX_CM4.lib(rt_memory.o)
    0x08001e3c   0x00000028   Code   RO         3451    i.rt_get_first      RTX_CM4.lib(rt_list.o)
    0x08001e64   0x00000024   Code   RO         3452    i.rt_get_same_rdy_prio  RTX_CM4.lib(rt_list.o)
    0x08001e88   0x00000008   Code   RO         2624    i.rt_id2obj         RTX_CM4.lib(rt_cmsis.o)
    0x08001e90   0x00000048   Code   RO         3201    i.rt_init_context   RTX_CM4.lib(rt_task.o)
    0x08001ed8   0x0000001a   Code   RO         3702    i.rt_init_mem       RTX_CM4.lib(rt_memory.o)
    0x08001ef2   0x00000002   PAD
    0x08001ef4   0x00000018   Code   RO         3650    i.rt_init_robin     RTX_CM4.lib(rt_robin.o)
    0x08001f0c   0x00000080   Code   RO         3727    i.rt_init_stack     RTX_CM4.lib(hal_cm.o)
    0x08001f8c   0x00000008   Code   RO         3528    i.rt_mbx_check      RTX_CM4.lib(rt_mailbox.o)
    0x08001f94   0x0000001a   Code   RO         3529    i.rt_mbx_init       RTX_CM4.lib(rt_mailbox.o)
    0x08001fae   0x00000002   PAD
    0x08001fb0   0x000000f0   Code   RO         3530    i.rt_mbx_psh        RTX_CM4.lib(rt_mailbox.o)
    0x080020a0   0x000000b4   Code   RO         3532    i.rt_mbx_wait       RTX_CM4.lib(rt_mailbox.o)
    0x08002154   0x00000044   Code   RO         2625    i.rt_ms2tick        RTX_CM4.lib(rt_cmsis.o)
    0x08002198   0x000000d8   Code   RO         3285    i.rt_mut_release    RTX_CM4.lib(rt_mutex.o)
    0x08002270   0x00000068   Code   RO         3286    i.rt_mut_wait       RTX_CM4.lib(rt_mutex.o)
    0x080022d8   0x0000007c   Code   RO         3322    i.rt_pop_req        RTX_CM4.lib(rt_system.o)
    0x08002354   0x00000020   Code   RO         3323    i.rt_psh_req        RTX_CM4.lib(rt_system.o)
    0x08002374   0x0000005c   Code   RO         3453    i.rt_psq_enq        RTX_CM4.lib(rt_list.o)
    0x080023d0   0x00000048   Code   RO         3454    i.rt_put_dly        RTX_CM4.lib(rt_list.o)
    0x08002418   0x00000036   Code   RO         3455    i.rt_put_prio       RTX_CM4.lib(rt_list.o)
    0x0800244e   0x00000002   PAD
    0x08002450   0x00000014   Code   RO         3456    i.rt_put_rdy_first  RTX_CM4.lib(rt_list.o)
    0x08002464   0x00000034   Code   RO         3457    i.rt_resort_prio    RTX_CM4.lib(rt_list.o)
    0x08002498   0x00000010   Code   RO         3728    i.rt_ret_regs       RTX_CM4.lib(hal_cm.o)
    0x080024a8   0x0000000c   Code   RO         3729    i.rt_ret_val        RTX_CM4.lib(hal_cm.o)
    0x080024b4   0x00000010   Code   RO         3730    i.rt_ret_val2       RTX_CM4.lib(hal_cm.o)
    0x080024c4   0x00000028   Code   RO         3458    i.rt_rmv_dly        RTX_CM4.lib(rt_list.o)
    0x080024ec   0x00000030   Code   RO         3459    i.rt_rmv_list       RTX_CM4.lib(rt_list.o)
    0x0800251c   0x00000034   Code   RO         3577    i.rt_sem_psh        RTX_CM4.lib(rt_semaphore.o)
    0x08002550   0x00000024   Code   RO         3325    i.rt_stk_check      RTX_CM4.lib(rt_system.o)
    0x08002574   0x00000028   Code   RO         3202    i.rt_switch_req     RTX_CM4.lib(rt_task.o)
    0x0800259c   0x000000cc   Code   RO         3203    i.rt_sys_init       RTX_CM4.lib(rt_task.o)
    0x08002668   0x00000078   Code   RO         3204    i.rt_sys_start      RTX_CM4.lib(rt_task.o)
    0x080026e0   0x00000040   Code   RO         3327    i.rt_systick        RTX_CM4.lib(rt_system.o)
    0x08002720   0x00000012   Code   RO         2626    i.rt_tid2ptcb       RTX_CM4.lib(rt_cmsis.o)
    0x08002732   0x00000002   PAD
    0x08002734   0x00000034   Code   RO         2627    i.rt_timer_insert   RTX_CM4.lib(rt_cmsis.o)
    0x08002768   0x00000088   Code   RO         3205    i.rt_tsk_create     RTX_CM4.lib(rt_task.o)
    0x080027f0   0x0000017c   Code   RO         3206    i.rt_tsk_delete     RTX_CM4.lib(rt_task.o)
    0x0800296c   0x00000030   Code   RO         3207    i.rt_tsk_pass       RTX_CM4.lib(rt_task.o)
    0x0800299c   0x0000007c   Code   RO         3208    i.rt_tsk_prio       RTX_CM4.lib(rt_task.o)
    0x08002a18   0x00000010   Code   RO         3209    i.rt_tsk_self       RTX_CM4.lib(rt_task.o)
    0x08002a28   0x00000012   Code   RO         2629    i.svcDelay          RTX_CM4.lib(rt_cmsis.o)
    0x08002a3a   0x00000002   PAD
    0x08002a3c   0x00000070   Code   RO         2630    i.svcKernelInitialize  RTX_CM4.lib(rt_cmsis.o)
    0x08002aac   0x00000048   Code   RO         2632    i.svcKernelStart    RTX_CM4.lib(rt_cmsis.o)
    0x08002af4   0x00000024   Code   RO         2635    i.svcMessageCreate  RTX_CM4.lib(rt_cmsis.o)
    0x08002b18   0x0000003a   Code   RO         2636    i.svcMessageGet     RTX_CM4.lib(rt_cmsis.o)
    0x08002b52   0x00000024   Code   RO         2647    i.svcSignalClear    RTX_CM4.lib(rt_cmsis.o)
    0x08002b76   0x00000024   Code   RO         2648    i.svcSignalSet      RTX_CM4.lib(rt_cmsis.o)
    0x08002b9a   0x00000002   PAD
    0x08002b9c   0x00000054   Code   RO         2649    i.svcSignalWait     RTX_CM4.lib(rt_cmsis.o)
    0x08002bf0   0x00000070   Code   RO         2650    i.svcThreadCreate   RTX_CM4.lib(rt_cmsis.o)
    0x08002c60   0x0000001c   Code   RO         2651    i.svcThreadGetId    RTX_CM4.lib(rt_cmsis.o)
    0x08002c7c   0x00000038   Code   RO         2654    i.svcThreadTerminate  RTX_CM4.lib(rt_cmsis.o)
    0x08002cb4   0x0000000a   Code   RO         2655    i.svcThreadYield    RTX_CM4.lib(rt_cmsis.o)
    0x08002cbe   0x00000018   Code   RO         2656    i.svcTimerCall      RTX_CM4.lib(rt_cmsis.o)
    0x08002cd6   0x00000002   PAD
    0x08002cd8   0x0000005c   Code   RO         2665    i.sysTimerTick      RTX_CM4.lib(rt_cmsis.o)
    0x08002d34   0x0000000a   Code   RO         3926    x$fpl$fpinit        fz_wm.l(fpinit.o)
    0x08002d3e   0x00000002   PAD
    0x08002d40   0x00000040   Data   RO          215    .constdata          thread.o
    0x08002d80   0x00000056   Data   RO          282    .constdata          rtx_conf_cm.o
    0x08002dd6   0x00000018   Data   RO         2539    .constdata          system_stm32f4xx.o
    0x08002dee   0x00000002   PAD
    0x08002df0   0x00000020   Data   RO         3960    Region$$Table       anon$$obj.o


    Execution Region ER_RW (Base: 0x20000000, Size: 0x00000070, Max: 0xffffffff, ABSOLUTE)

    Base Addr    Size         Type   Attr      Idx    E Section Name        Object

    0x20000000   0x00000011   Data   RW          216    .data               thread.o
    0x20000011   0x00000003   PAD
    0x20000014   0x00000024   Data   RW          283    .data               rtx_conf_cm.o
    0x20000038   0x00000009   Data   RW          362    .data               stm32f4xx_hal.o
    0x20000041   0x00000003   PAD
    0x20000044   0x00000004   Data   RW         2540    .data               system_stm32f4xx.o
    0x20000048   0x00000008   Data   RW         2668    .data               RTX_CM4.lib(rt_cmsis.o)
    0x20000050   0x00000008   Data   RW         3211    .data               RTX_CM4.lib(rt_task.o)
    0x20000058   0x00000008   Data   RW         3330    .data               RTX_CM4.lib(rt_system.o)
    0x20000060   0x00000004   Data   RW         3620    .data               RTX_CM4.lib(rt_time.o)
    0x20000064   0x00000008   Data   RW         3651    .data               RTX_CM4.lib(rt_robin.o)
    0x2000006c   0x00000001   Data   RW         3731    .data               RTX_CM4.lib(hal_cm.o)


    Execution Region ER_ZI (Base: 0x20000070, Size: 0x00002378, Max: 0xffffffff, ABSOLUTE)

    Base Addr    Size         Type   Attr      Idx    E Section Name        Object

    0x20000070   0x00000080   Zero   RW          145    .bss                my_defines.o
    0x200000f0   0x00001c30   Zero   RW          281    .bss                rtx_conf_cm.o
    0x20001d20   0x00000034   Zero   RW         3210    .bss                RTX_CM4.lib(rt_task.o)
    0x20001d54   0x00000030   Zero   RW         3460    .bss                RTX_CM4.lib(rt_list.o)
    0x20001d84   0x00000060   Zero   RW         3793    .bss                c_w.l(libspace.o)
    0x20001de4   0x00000004   PAD
    0x20001de8   0x00000200   Zero   RW         2528    HEAP                startup_stm32f407xx.o
    0x20001fe8   0x00000400   Zero   RW         2527    STACK               startup_stm32f407xx.o


==============================================================================

Image component sizes


      Code (inc. data)   RO Data    RW Data    ZI Data      Debug   Object Name

        40          0          0          0          0     596593   main.o
       508         80          0          0        128       4678   my_defines.o
       126         26         86         36       7216       9539   rtx_conf_cm.o
        64         26        392          0       1536        912   startup_stm32f407xx.o
        12          6          0          9          0       7253   stm32f4xx_hal.o
       496         44          0          0          0       1580   stm32f4xx_hal_gpio.o
      2450         14          0          0          0       9176   stm32f4xx_hal_spi.o
       452         38         24          4          0       2283   system_stm32f4xx.o
       858         62         64         17          0       6269   thread.o

    ----------------------------------------------------------------------
      5012        296        600         72       8880     638283   Object Totals
         0          0         32          0          0          0   (incl. Generated)
         6          0          2          6          0          0   (incl. Padding)

    ----------------------------------------------------------------------

      Code (inc. data)   RO Data    RW Data    ZI Data      Debug   Library Member Name

       268         24          0          1          0       4452   hal_cm.o
       408         34          0          0          0        816   hal_cm4.o
      1458        172          0          8          0      41108   rt_cmsis.o
       300         24          0          0          0       3383   rt_event.o
       566         44          0          0         48       9176   rt_list.o
       550         10          0          0          0       4185   rt_mailbox.o
       140          0          0          0          0       2045   rt_membox.o
       128          0          0          0          0       2419   rt_memory.o
       320         12          0          0          0       1699   rt_mutex.o
        96         22          0          8          0       1230   rt_robin.o
        52          4          0          0          0        613   rt_semaphore.o
       298         52          0          8          0       6439   rt_system.o
      1264        184          0          8         52      10563   rt_task.o
         6          0          0          4          0        684   rt_time.o
         4          4          0          0          0        200   svc_table.o
         8          0          0          0          0         68   __main.o
         0          0          0          0          0          0   __rtentry.o
        20          0          0          0          0          0   __rtentry2.o
         6          0          0          0          0          0   __rtentry4.o
        52          8          0          0          0          0   __scatter.o
        26          0          0          0          0          0   __scatter_copy.o
        28          0          0          0          0          0   __scatter_zi.o
        18          0          0          0          0         80   exit.o
         6          0          0          0          0        152   heapauxi.o
         0          0          0          0          0          0   indicate_semi.o
         2          0          0          0          0          0   libinit.o
         6          0          0          0          0          0   libinit2.o
         2          0          0          0          0          0   libshutdown.o
         2          0          0          0          0          0   libshutdown2.o
         8          4          0          0         96         68   libspace.o
         2          0          0          0          0          0   rtexit.o
        10          0          0          0          0          0   rtexit2.o
        12          4          0          0          0         68   sys_exit.o
        74          0          0          0          0         80   sys_stackheap_outer.o
         2          0          0          0          0         68   use_no_semi.o
        10          0          0          0          0        116   fpinit.o

    ----------------------------------------------------------------------
      6180        602          0         40        200      89712   Library Totals
        28          0          0          3          4          0   (incl. Padding)

    ----------------------------------------------------------------------

      Code (inc. data)   RO Data    RW Data    ZI Data      Debug   Library Name

      5858        586          0         37        100      89012   RTX_CM4.lib
       284         16          0          0         96        584   c_w.l
        10          0          0          0          0        116   fz_wm.l

    ----------------------------------------------------------------------
      6180        602          0         40        200      89712   Library Totals

    ----------------------------------------------------------------------

==============================================================================


      Code (inc. data)   RO Data    RW Data    ZI Data      Debug   

     11192        898        600        112       9080     716539   Grand Totals
     11192        898        600        112       9080     716539   ELF Image Totals
     11192        898        600        112          0          0   ROM Totals

==============================================================================

    Total RO  Size (Code + RO Data)                11792 (  11.52kB)
    Total RW  Size (RW Data + ZI Data)              9192 (   8.98kB)
    Total ROM Size (Code + RO Data + RW Data)      11904 (  11.63kB)

==============================================================================

